Component: ARM Compiler 5.06 update 6 (build 750) Tool: armlink [4d35ed]

==============================================================================

Section Cross References

    startup_stm32f427_437xx.o(RESET) refers to startup_stm32f427_437xx.o(STACK) for __initial_sp
    startup_stm32f427_437xx.o(RESET) refers to startup_stm32f427_437xx.o(.text) for Reset_Handler
    startup_stm32f427_437xx.o(RESET) refers to stm32f4xx_it.o(i.NMI_Handler) for NMI_Handler
    startup_stm32f427_437xx.o(RESET) refers to stm32f4xx_it.o(i.HardFault_Handler) for HardFault_Handler
    startup_stm32f427_437xx.o(RESET) refers to stm32f4xx_it.o(i.MemManage_Handler) for MemManage_Handler
    startup_stm32f427_437xx.o(RESET) refers to stm32f4xx_it.o(i.BusFault_Handler) for BusFault_Handler
    startup_stm32f427_437xx.o(RESET) refers to stm32f4xx_it.o(i.UsageFault_Handler) for UsageFault_Handler
    startup_stm32f427_437xx.o(RESET) refers to port.o(.emb_text) for SVC_Handler
    startup_stm32f427_437xx.o(RESET) refers to stm32f4xx_it.o(i.DebugMon_Handler) for DebugMon_Handler
    startup_stm32f427_437xx.o(RESET) refers to delay.o(i.SysTick_Handler) for SysTick_Handler
    startup_stm32f427_437xx.o(RESET) refers to can.o(i.CAN1_RX0_IRQHandler) for CAN1_RX0_IRQHandler
    startup_stm32f427_437xx.o(RESET) refers to usart.o(i.USART1_IRQHandler) for USART1_IRQHandler
    startup_stm32f427_437xx.o(RESET) refers to can.o(i.CAN2_TX_IRQHandler) for CAN2_TX_IRQHandler
    startup_stm32f427_437xx.o(RESET) refers to can.o(i.CAN2_RX0_IRQHandler) for CAN2_RX0_IRQHandler
    startup_stm32f427_437xx.o(RESET) refers to comm.o(i.UART8_IRQHandler) for UART8_IRQHandler
    startup_stm32f427_437xx.o(.text) refers to system_stm32f4xx.o(i.SystemInit) for SystemInit
    startup_stm32f427_437xx.o(.text) refers to entry.o(.ARM.Collect$$$$00000000) for __main
    event_groups.o(i.vEventGroupClearBitsCallback) refers to event_groups.o(i.xEventGroupClearBits) for xEventGroupClearBits
    event_groups.o(i.vEventGroupDelete) refers to tasks.o(i.vTaskSuspendAll) for vTaskSuspendAll
    event_groups.o(i.vEventGroupDelete) refers to tasks.o(i.vTaskRemoveFromUnorderedEventList) for vTaskRemoveFromUnorderedEventList
    event_groups.o(i.vEventGroupDelete) refers to heap_4.o(i.vPortFree) for vPortFree
    event_groups.o(i.vEventGroupDelete) refers to tasks.o(i.xTaskResumeAll) for xTaskResumeAll
    event_groups.o(i.vEventGroupSetBitsCallback) refers to event_groups.o(i.xEventGroupSetBits) for xEventGroupSetBits
    event_groups.o(i.xEventGroupClearBits) refers to port.o(i.vPortEnterCritical) for vPortEnterCritical
    event_groups.o(i.xEventGroupClearBits) refers to port.o(i.vPortExitCritical) for vPortExitCritical
    event_groups.o(i.xEventGroupCreate) refers to heap_4.o(i.pvPortMalloc) for pvPortMalloc
    event_groups.o(i.xEventGroupCreate) refers to list.o(i.vListInitialise) for vListInitialise
    event_groups.o(i.xEventGroupSetBits) refers to tasks.o(i.vTaskSuspendAll) for vTaskSuspendAll
    event_groups.o(i.xEventGroupSetBits) refers to tasks.o(i.vTaskRemoveFromUnorderedEventList) for vTaskRemoveFromUnorderedEventList
    event_groups.o(i.xEventGroupSetBits) refers to tasks.o(i.xTaskResumeAll) for xTaskResumeAll
    event_groups.o(i.xEventGroupSync) refers to tasks.o(i.xTaskGetSchedulerState) for xTaskGetSchedulerState
    event_groups.o(i.xEventGroupSync) refers to tasks.o(i.vTaskSuspendAll) for vTaskSuspendAll
    event_groups.o(i.xEventGroupSync) refers to event_groups.o(i.xEventGroupSetBits) for xEventGroupSetBits
    event_groups.o(i.xEventGroupSync) refers to tasks.o(i.vTaskPlaceOnUnorderedEventList) for vTaskPlaceOnUnorderedEventList
    event_groups.o(i.xEventGroupSync) refers to tasks.o(i.xTaskResumeAll) for xTaskResumeAll
    event_groups.o(i.xEventGroupSync) refers to tasks.o(i.uxTaskResetEventItemValue) for uxTaskResetEventItemValue
    event_groups.o(i.xEventGroupSync) refers to port.o(i.vPortEnterCritical) for vPortEnterCritical
    event_groups.o(i.xEventGroupSync) refers to port.o(i.vPortExitCritical) for vPortExitCritical
    event_groups.o(i.xEventGroupWaitBits) refers to tasks.o(i.xTaskGetSchedulerState) for xTaskGetSchedulerState
    event_groups.o(i.xEventGroupWaitBits) refers to tasks.o(i.vTaskSuspendAll) for vTaskSuspendAll
    event_groups.o(i.xEventGroupWaitBits) refers to event_groups.o(i.prvTestWaitCondition) for prvTestWaitCondition
    event_groups.o(i.xEventGroupWaitBits) refers to tasks.o(i.vTaskPlaceOnUnorderedEventList) for vTaskPlaceOnUnorderedEventList
    event_groups.o(i.xEventGroupWaitBits) refers to tasks.o(i.xTaskResumeAll) for xTaskResumeAll
    event_groups.o(i.xEventGroupWaitBits) refers to tasks.o(i.uxTaskResetEventItemValue) for uxTaskResetEventItemValue
    event_groups.o(i.xEventGroupWaitBits) refers to port.o(i.vPortEnterCritical) for vPortEnterCritical
    event_groups.o(i.xEventGroupWaitBits) refers to port.o(i.vPortExitCritical) for vPortExitCritical
[...]
    i.TIM_TimeBaseInit                       0x080019b4   Section        0  stm32f4xx_tim.o(i.TIM_TimeBaseInit)
    i.UART8_IRQHandler                       0x08001a38   Section        0  comm.o(i.UART8_IRQHandler)
    i.USART1_IRQHandler                      0x08001abc   Section        0  usart.o(i.USART1_IRQHandler)
    i.USART_Cmd                              0x08001b74   Section        0  stm32f4xx_usart.o(i.USART_Cmd)
    i.USART_DMACmd                           0x08001b8c   Section        0  stm32f4xx_usart.o(i.USART_DMACmd)
    i.USART_GetITStatus                      0x08001b9e   Section        0  stm32f4xx_usart.o(i.USART_GetITStatus)
    i.USART_ITConfig                         0x08001bf2   Section        0  stm32f4xx_usart.o(i.USART_ITConfig)
    i.USART_Init                             0x08001c3c   Section        0  stm32f4xx_usart.o(i.USART_Init)
    i.USART_ReceiveData                      0x08001d10   Section        0  stm32f4xx_usart.o(i.USART_ReceiveData)
    i.UsageFault_Handler                     0x08001d1a   Section        0  stm32f4xx_it.o(i.UsageFault_Handler)
    i.__ARM_fpclassify                       0x08001d1e   Section        0  fpclassify.o(i.__ARM_fpclassify)
    i.__hardfp_cos                           0x08001d50   Section        0  cos.o(i.__hardfp_cos)
    i.__hardfp_sin                           0x08001e18   Section        0  sin.o(i.__hardfp_sin)
    i.__ieee754_rem_pio2                     0x08001ee0   Section        0  rred.o(i.__ieee754_rem_pio2)
    i.__kernel_cos                           0x08002318   Section        0  cos_i.o(i.__kernel_cos)
    i.__kernel_poly                          0x08002488   Section        0  poly.o(i.__kernel_poly)
    i.__kernel_sin                           0x08002580   Section        0  sin_i.o(i.__kernel_sin)
    i.__mathlib_dbl_infnan                   0x080026b0   Section        0  dunder.o(i.__mathlib_dbl_infnan)
    i.__mathlib_dbl_invalid                  0x080026c8   Section        0  dunder.o(i.__mathlib_dbl_invalid)
    i.__mathlib_dbl_underflow                0x080026e8   Section        0  dunder.o(i.__mathlib_dbl_underflow)
    i.__scatterload_copy                     0x08002708   Section       14  handlers.o(i.__scatterload_copy)
    i.__scatterload_null                     0x08002716   Section        2  handlers.o(i.__scatterload_null)
    i.__scatterload_zeroinit                 0x08002718   Section       14  handlers.o(i.__scatterload_zeroinit)
    i.__set_errno                            0x08002728   Section        0  errno.o(i.__set_errno)
    i.bmi088_yaw_infomation_process          0x08002734   Section        0  can.o(i.bmi088_yaw_infomation_process)
    i.bmi088_z_infomation_process            0x08002776   Section        0  can.o(i.bmi088_z_infomation_process)
    i.bsp_init                               0x080027b8   Section        0  init.o(i.bsp_init)
    i.can1_init                              0x080027d8   Section        0  can.o(i.can1_init)
    i.can2_init                              0x080028d4   Section        0  can.o(i.can2_init)
    i.can_mes_send                           0x08002a08   Section        0  can.o(i.can_mes_send)
    i.chassis_dbus_control                   0x08002a68   Section        0  mecanum.o(i.chassis_dbus_control)
    i.chassis_speed_resolve                  0x08002cdc   Section        0  mecanum.o(i.chassis_speed_resolve)
    i.create_start_task                      0x08002d88   Section        0  start_task.o(i.create_start_task)
    i.dbus_control                           0x08002db4   Section        0  dbus.o(i.dbus_control)
    i.dbus_data_process                      0x08002f1c   Section        0  dbus.o(i.dbus_data_process)
    i.dbus_task                              0x08003000   Section        0  dbus_task.o(i.dbus_task)
    i.delay_init                             0x08003088   Section        0  delay.o(i.delay_init)
    i.delay_ms                               0x080030cc   Section        0  delay.o(i.delay_ms)
    i.delay_us                               0x0800310c   Section        0  delay.o(i.delay_us)
    i.fabs                                   0x08003154   Section        0  fabs.o(i.fabs)
    i.filter_init                            0x0800316c   Section        0  init.o(i.filter_init)
    i.first_order_filter_cali                0x08003194   Section        0  filter.o(i.first_order_filter_cali)
    i.first_order_filter_init                0x080031e8   Section        0  filter.o(i.first_order_filter_init)
    i.gimbal_init                            0x08003210   Section        0  pid_task.o(i.gimbal_init)
    i.gimbal_limit                           0x08003240   Section        0  pid_task.o(i.gimbal_limit)
    i.main                                   0x08003270   Section        0  main.o(i.main)
    i.mode_init                              0x080032ac   Section        0  init.o(i.mode_init)
    i.moto_infomation_process                0x080032d8   Section        0  can.o(i.moto_infomation_process)
    i.pid_abs_limit                          0x080033b4   Section        0  pid.o(i.pid_abs_limit)
    i.pid_caculate_delta                     0x080033e2   Section        0  pid.o(i.pid_caculate_delta)
    i.pid_caculate_position                  0x080034b4   Section        0  pid.o(i.pid_caculate_position)
    i.pid_chassis_caculate_task              0x08003568   Section        0  pid_task.o(i.pid_chassis_caculate_task)
    i.pid_chassis_init                       0x08003658   Section        0  init.o(i.pid_chassis_init)
    i.pid_gimbal_caculate_task               0x080036d0   Section        0  pid_task.o(i.pid_gimbal_caculate_task)
    i.pid_gimbal_pitch_free_init             0x08003a20   Section        0  init.o(i.pid_gimbal_pitch_free_init)
    i.pid_gimbal_yaw_change_init             0x08003a78   Section        0  pid_task.o(i.pid_gimbal_yaw_change_init)
    i.pid_gimbal_yaw_free_init               0x08003b00   Section        0  init.o(i.pid_gimbal_yaw_free_init)
    i.pid_gimbal_yaw_gyro_init               0x08003b58   Section        0  init.o(i.pid_gimbal_yaw_gyro_init)
    i.pid_init                               0x08003bb4   Section        0  pid.o(i.pid_init)
    i.pid_parameter_init                     0x08003c28   Section        0  init.o(i.pid_parameter_init)
    i.pid_revolver_init                      0x08003c3c   Section        0  init.o(i.pid_revolver_init)
    i.power_init                             0x08003c90   Section        0  can.o(i.power_init)
    i.prvAddCurrentTaskToDelayedList         0x08003ce0   Section        0  tasks.o(i.prvAddCurrentTaskToDelayedList)
    prvAddCurrentTaskToDelayedList           0x08003ce1   Thumb Code   124  tasks.o(i.prvAddCurrentTaskToDelayedList)
    i.prvAddNewTaskToReadyList               0x08003d78   Section        0  tasks.o(i.prvAddNewTaskToReadyList)
    prvAddNewTaskToReadyList                 0x08003d79   Thumb Code   156  tasks.o(i.prvAddNewTaskToReadyList)
    i.prvCheckForValidListAndQueue           0x08003e30   Section        0  timers.o(i.prvCheckForValidListAndQueue)
    prvCheckForValidListAndQueue             0x08003e31   Thumb Code    72  timers.o(i.prvCheckForValidListAndQueue)
    i.prvCheckTasksWaitingTermination        0x08003e94   Section        0  tasks.o(i.prvCheckTasksWaitingTermination)
    prvCheckTasksWaitingTermination          0x08003e95   Thumb Code    60  tasks.o(i.prvCheckTasksWaitingTermination)
    i.prvCopyDataFromQueue                   0x08003edc   Section        0  queue.o(i.prvCopyDataFromQueue)
    prvCopyDataFromQueue                     0x08003edd   Thumb Code    42  queue.o(i.prvCopyDataFromQueue)
    i.prvCopyDataToQueue                     0x08003f06   Section        0  queue.o(i.prvCopyDataToQueue)
    prvCopyDataToQueue                       0x08003f07   Thumb Code   126  queue.o(i.prvCopyDataToQueue)
    i.prvDeleteTCB                           0x08003f84   Section        0  tasks.o(i.prvDeleteTCB)
    prvDeleteTCB                             0x08003f85   Thumb Code    18  tasks.o(i.prvDeleteTCB)
    i.prvGetNextExpireTime                   0x08003f98   Section        0  timers.o(i.prvGetNextExpireTime)
    prvGetNextExpireTime                     0x08003f99   Thumb Code    36  timers.o(i.prvGetNextExpireTime)
    i.prvHeapInit                            0x08003fc0   Section        0  heap_4.o(i.prvHeapInit)
    prvHeapInit                              0x08003fc1   Thumb Code    98  heap_4.o(i.prvHeapInit)
    i.prvIdleTask                            0x0800403c   Section        0  tasks.o(i.prvIdleTask)
    prvIdleTask                              0x0800403d   Thumb Code    32  tasks.o(i.prvIdleTask)
    i.prvInitialiseNewQueue                  0x08004064   Section        0  queue.o(i.prvInitialiseNewQueue)
    prvInitialiseNewQueue                    0x08004065   Thumb Code    42  queue.o(i.prvInitialiseNewQueue)
    i.prvInitialiseNewTask                   0x0800408e   Section        0  tasks.o(i.prvInitialiseNewTask)
    prvInitialiseNewTask                     0x0800408f   Thumb Code   190  tasks.o(i.prvInitialiseNewTask)
    i.prvInitialiseTaskLists                 0x0800414c   Section        0  tasks.o(i.prvInitialiseTaskLists)
    prvInitialiseTaskLists                   0x0800414d   Thumb Code    70  tasks.o(i.prvInitialiseTaskLists)
    i.prvInsertBlockIntoFreeList             0x080041b4   Section        0  heap_4.o(i.prvInsertBlockIntoFreeList)
    prvInsertBlockIntoFreeList               0x080041b5   Thumb Code    96  heap_4.o(i.prvInsertBlockIntoFreeList)
    i.prvInsertTimerInActiveList             0x0800421c   Section        0  timers.o(i.prvInsertTimerInActiveList)
    prvInsertTimerInActiveList               0x0800421d   Thumb Code    80  timers.o(i.prvInsertTimerInActiveList)
    i.prvIsQueueEmpty                        0x08004274   Section        0  queue.o(i.prvIsQueueEmpty)
    prvIsQueueEmpty                          0x08004275   Thumb Code    26  queue.o(i.prvIsQueueEmpty)
    i.prvIsQueueFull                         0x0800428e   Section        0  queue.o(i.prvIsQueueFull)
    prvIsQueueFull                           0x0800428f   Thumb Code    30  queue.o(i.prvIsQueueFull)
    i.prvProcessExpiredTimer                 0x080042ac   Section        0  timers.o(i.prvProcessExpiredTimer)
    prvProcessExpiredTimer                   0x080042ad   Thumb Code   110  timers.o(i.prvProcessExpiredTimer)
    i.prvProcessReceivedCommands             0x08004320   Section        0  timers.o(i.prvProcessReceivedCommands)
    prvProcessReceivedCommands               0x08004321   Thumb Code   308  timers.o(i.prvProcessReceivedCommands)
    i.prvProcessTimerOrBlockTask             0x08004458   Section        0  timers.o(i.prvProcessTimerOrBlockTask)
    prvProcessTimerOrBlockTask               0x08004459   Thumb Code   102  timers.o(i.prvProcessTimerOrBlockTask)
    i.prvResetNextTaskUnblockTime            0x080044cc   Section        0  tasks.o(i.prvResetNextTaskUnblockTime)
    prvResetNextTaskUnblockTime              0x080044cd   Thumb Code    42  tasks.o(i.prvResetNextTaskUnblockTime)
    i.prvSampleTimeNow                       0x08004500   Section        0  timers.o(i.prvSampleTimeNow)
    prvSampleTimeNow                         0x08004501   Thumb Code    40  timers.o(i.prvSampleTimeNow)
    i.prvSwitchTimerLists                    0x0800452c   Section        0  timers.o(i.prvSwitchTimerLists)
    prvSwitchTimerLists                      0x0800452d   Thumb Code   154  timers.o(i.prvSwitchTimerLists)
    i.prvTaskExitError                       0x080045d0   Section        0  port.o(i.prvTaskExitError)
    prvTaskExitError                         0x080045d1   Thumb Code    60  port.o(i.prvTaskExitError)
    i.prvTimerTask                           0x08004610   Section        0  timers.o(i.prvTimerTask)
    prvTimerTask                             0x08004611   Thumb Code    26  timers.o(i.prvTimerTask)
    i.prvUnlockQueue                         0x0800462a   Section        0  queue.o(i.prvUnlockQueue)
    prvUnlockQueue                           0x0800462b   Thumb Code   126  queue.o(i.prvUnlockQueue)
    i.pvPortMalloc                           0x080046a8   Section        0  heap_4.o(i.pvPortMalloc)
    i.pxPortInitialiseStack                  0x080047e4   Section        0  port.o(i.pxPortInitialiseStack)
    i.set_servo_pwm                          0x08004810   Section        0  tim.o(i.set_servo_pwm)
    i.shoot_init                             0x08004824   Section        0  shoot_task.o(i.shoot_init)
    i.shoot_task                             0x0800485c   Section        0  shoot_task.o(i.shoot_task)
    i.start_task                             0x080048c8   Section        0  start_task.o(i.start_task)
    i.tim5_init                              0x080049a8   Section        0  tim.o(i.tim5_init)
    i.tim8_init                              0x08004a68   Section        0  tim.o(i.tim8_init)
    i.usart1_init                            0x08004b74   Section        0  usart.o(i.usart1_init)
    i.uxListRemove                           0x08004cb0   Section        0  list.o(i.uxListRemove)
    i.vListInitialise                        0x08004cd8   Section        0  list.o(i.vListInitialise)
    i.vListInitialiseItem                    0x08004cf2   Section        0  list.o(i.vListInitialiseItem)
    i.vListInsert                            0x08004cf8   Section        0  list.o(i.vListInsert)
    i.vListInsertEnd                         0x08004d2c   Section        0  list.o(i.vListInsertEnd)
    i.vPortEnterCritical                     0x08004d44   Section        0  port.o(i.vPortEnterCritical)
    i.vPortExitCritical                      0x08004d98   Section        0  port.o(i.vPortExitCritical)
    i.vPortFree                              0x08004dd4   Section        0  heap_4.o(i.vPortFree)
    i.vPortSetupTimerInterrupt               0x08004e68   Section        0  port.o(i.vPortSetupTimerInterrupt)
    i.vPortValidateInterruptPriority         0x08004e90   Section        0  port.o(i.vPortValidateInterruptPriority)
    i.vQueueAddToRegistry                    0x08004f08   Section        0  queue.o(i.vQueueAddToRegistry)
    i.vQueueWaitForMessageRestricted         0x08004f34   Section        0  queue.o(i.vQueueWaitForMessageRestricted)
    i.vTaskDelay                             0x08004f80   Section        0  tasks.o(i.vTaskDelay)
    i.vTaskDelayUntil                        0x08004fdc   Section        0  tasks.o(i.vTaskDelayUntil)
    i.vTaskDelete                            0x080050b0   Section        0  tasks.o(i.vTaskDelete)
    i.vTaskInternalSetTimeOutState           0x080051a4   Section        0  tasks.o(i.vTaskInternalSetTimeOutState)
    i.vTaskMissedYield                       0x080051bc   Section        0  tasks.o(i.vTaskMissedYield)
    i.vTaskPlaceOnEventList                  0x080051c8   Section        0  tasks.o(i.vTaskPlaceOnEventList)
    i.vTaskPlaceOnEventListRestricted        0x08005200   Section        0  tasks.o(i.vTaskPlaceOnEventListRestricted)
    i.vTaskStartScheduler                    0x08005240   Section        0  tasks.o(i.vTaskStartScheduler)
    i.vTaskSuspendAll                        0x080052d4   Section        0  tasks.o(i.vTaskSuspendAll)
    i.vTaskSwitchContext                     0x080052e4   Section        0  tasks.o(i.vTaskSwitchContext)
    i.xPortStartScheduler                    0x08005370   Section        0  port.o(i.xPortStartScheduler)
    i.xPortSysTickHandler                    0x080054d8   Section        0  port.o(i.xPortSysTickHandler)
    i.xQueueGenericCreate                    0x0800550c   Section        0  queue.o(i.xQueueGenericCreate)
    i.xQueueGenericReset                     0x08005568   Section        0  queue.o(i.xQueueGenericReset)
    i.xQueueGenericSend                      0x08005600   Section        0  queue.o(i.xQueueGenericSend)
    i.xQueueGenericSendFromISR               0x080057a8   Section        0  queue.o(i.xQueueGenericSendFromISR)
    i.xQueueReceive                          0x080058a0   Section        0  queue.o(i.xQueueReceive)
    i.xTaskCheckForTimeOut                   0x08005a08   Section        0  tasks.o(i.xTaskCheckForTimeOut)
    i.xTaskCreate                            0x08005a94   Section        0  tasks.o(i.xTaskCreate)
    i.xTaskGetSchedulerState                 0x08005af4   Section        0  tasks.o(i.xTaskGetSchedulerState)
    i.xTaskGetTickCount                      0x08005b14   Section        0  tasks.o(i.xTaskGetTickCount)
    i.xTaskIncrementTick                     0x08005b20   Section        0  tasks.o(i.xTaskIncrementTick)
    i.xTaskPriorityDisinherit                0x08005c68   Section        0  tasks.o(i.xTaskPriorityDisinherit)
    i.xTaskRemoveFromEventList               0x08005d30   Section        0  tasks.o(i.xTaskRemoveFromEventList)
    i.xTaskResumeAll                         0x08005dc8   Section        0  tasks.o(i.xTaskResumeAll)
    i.xTimerCreateTimerTask                  0x08005ecc   Section        0  timers.o(i.xTimerCreateTimerTask)
    i.xTimerGenericCommand                   0x08005f24   Section        0  timers.o(i.xTimerGenericCommand)
    .constdata                               0x08005fa8   Section       48  cos_i.o(.constdata)
    C                                        0x08005fa8   Data          48  cos_i.o(.constdata)
    .constdata                               0x08005fd8   Section      200  rred.o(.constdata)
    pio2s                                    0x08005fd8   Data          48  rred.o(.constdata)
    twooverpi                                0x08006008   Data         152  rred.o(.constdata)
    .constdata                               0x080060a0   Section       40  sin_i.o(.constdata)
    S                                        0x080060a0   Data          40  sin_i.o(.constdata)
    .data                                    0x20000000   Section       60  tasks.o(.data)
    pxDelayedTaskList                        0x20000004   Data           4  tasks.o(.data)
    pxOverflowDelayedTaskList                0x20000008   Data           4  tasks.o(.data)
    uxDeletedTasksWaitingCleanUp             0x2000000c   Data           4  tasks.o(.data)
    uxCurrentNumberOfTasks                   0x20000010   Data           4  tasks.o(.data)
    xTickCount                               0x20000014   Data           4  tasks.o(.data)
    uxTopReadyPriority                       0x20000018   Data           4  tasks.o(.data)
    xSchedulerRunning                        0x2000001c   Data           4  tasks.o(.data)
    uxPendedTicks                            0x20000020   Data           4  tasks.o(.data)
    xYieldPending                            0x20000024   Data           4  tasks.o(.data)
    xNumOfOverflows                          0x20000028   Data           4  tasks.o(.data)
    uxTaskNumber                             0x2000002c   Data           4  tasks.o(.data)
    xNextTaskUnblockTime                     0x20000030   Data           4  tasks.o(.data)
    xIdleTaskHandle                          0x20000034   Data           4  tasks.o(.data)
    uxSchedulerSuspended                     0x20000038   Data           4  tasks.o(.data)
    .data                                    0x2000003c   Section       20  timers.o(.data)
    pxCurrentTimerList                       0x2000003c   Data           4  timers.o(.data)
    pxOverflowTimerList                      0x20000040   Data           4  timers.o(.data)
    xTimerQueue                              0x20000044   Data           4  timers.o(.data)
    xTimerTaskHandle                         0x20000048   Data           4  timers.o(.data)
    xLastTime                                0x2000004c   Data           4  timers.o(.data)
    .data                                    0x20000050   Section       24  heap_4.o(.data)
    xStart                                   0x20000050   Data           8  heap_4.o(.data)
    pxEnd                                    0x20000058   Data           4  heap_4.o(.data)
    xFreeBytesRemaining                      0x2000005c   Data           4  heap_4.o(.data)
    xMinimumEverFreeBytesRemaining           0x20000060   Data           4  heap_4.o(.data)
    xBlockAllocatedBit                       0x20000064   Data           4  heap_4.o(.data)
    .data                                    0x20000068   Section       12  port.o(.data)
    uxCriticalNesting                        0x20000068   Data           4  port.o(.data)
    ucMaxSysCallPriority                     0x2000006c   Data           1  port.o(.data)
    ulMaxPRIGROUPValue                       0x20000070   Data           4  port.o(.data)
    .data                                    0x20000074   Section       16  stm32f4xx_rcc.o(.data)
    APBAHBPrescTable                         0x20000074   Data          16  stm32f4xx_rcc.o(.data)
    .data                                    0x20000084   Section       20  system_stm32f4xx.o(.data)
    .data                                    0x20000098   Section       24  start_task.o(.data)
    .data                                    0x200000b0   Section       19  pid_task.o(.data)
    .data                                    0x200000c4   Section        4  delay.o(.data)
    fac_us                                   0x200000c4   Data           1  delay.o(.data)
    fac_ms                                   0x200000c6   Data           2  delay.o(.data)
    .data                                    0x200000c8   Section        4  can.o(.data)
    .data                                    0x200000cc   Section        4  comm.o(.data)
    .data                                    0x200000d0   Section        4  usart.o(.data)
    this_time_rx_len                         0x200000d0   Data           4  usart.o(.data)
    .data                                    0x200000d4   Section        4  errno.o(.data)
    _errno                                   0x200000d4   Data           4  errno.o(.data)
    .bss                                     0x200000d8   Section       64  queue.o(.bss)
    .bss                                     0x20000118   Section      740  tasks.o(.bss)
    pxReadyTasksLists                        0x20000118   Data         640  tasks.o(.bss)
    xDelayedTaskList1                        0x20000398   Data          20  tasks.o(.bss)
    xDelayedTaskList2                        0x200003ac   Data          20  tasks.o(.bss)
    xPendingReadyList                        0x200003c0   Data          20  tasks.o(.bss)
    xTasksWaitingTermination                 0x200003d4   Data          20  tasks.o(.bss)
    xSuspendedTaskList                       0x200003e8   Data          20  tasks.o(.bss)
    .bss                                     0x200003fc   Section       40  timers.o(.bss)
    xActiveTimerList1                        0x200003fc   Data          20  timers.o(.bss)
    xActiveTimerList2                        0x20000410   Data          20  timers.o(.bss)
    .bss                                     0x20000424   Section    76800  heap_4.o(.bss)
    ucHeap                                   0x20000424   Data       76800  heap_4.o(.bss)
    .bss                                     0x20013024   Section       16  main.o(.bss)
    .bss                                     0x20013034   Section     1016  pid_task.o(.bss)
    .bss                                     0x2001342c   Section      296  can.o(.bss)
    .bss                                     0x20013554   Section      812  comm.o(.bss)
    .bss                                     0x20013880   Section       60  dbus.o(.bss)
    .bss                                     0x200138bc   Section       72  usart.o(.bss)
    .bss                                     0x20013904   Section       44  mecanum.o(.bss)
    STACK                                    0x20013930   Section     1024  startup_stm32f427_437xx.o(STACK)

    Global Symbols

    Symbol Name                              Value     Ov Type        Size  Object(Section)

    BuildAttributes$$THM_ISAv4$E$P$D$K$B$S$7EM$VFPi3$EXTD16$VFPS$VFMA$PE$A:L22UL41UL21$X:L11$S22US41US21$IEEE1$IW$USESV6$~STKCKD$USESV7$~SHL$OTIME$ROPI$IEEEX$EBA8$MICROLIB$REQ8$PRES8$EABIv2 0x00000000   Number         0  anon$$obj.o ABSOLUTE
    __ARM_use_no_argv                        0x00000000   Number         0  main.o ABSOLUTE
    __cpp_initialize__aeabi_                  - Undefined Weak Reference
    __cxa_finalize                            - Undefined Weak Reference
    __decompress                              - Undefined Weak Reference
    _clock_init                               - Undefined Weak Reference
    _microlib_exit                            - Undefined Weak Reference
    __Vectors_Size                           0x000001ac   Number         0  startup_stm32f427_437xx.o ABSOLUTE
    __Vectors                                0x08000000   Data           4  startup_stm32f427_437xx.o(RESET)
    __Vectors_End                            0x080001ac   Data           0  startup_stm32f427_437xx.o(RESET)
    __main                                   0x080001ad   Thumb Code     0  entry.o(.ARM.Collect$$$$00000000)
    _main_stk                                0x080001ad   Thumb Code     0  entry2.o(.ARM.Collect$$$$00000001)
    _main_scatterload                        0x080001b1   Thumb Code     0  entry5.o(.ARM.Collect$$$$00000004)
    __main_after_scatterload                 0x080001b5   Thumb Code     0  entry5.o(.ARM.Collect$$$$00000004)
    _main_clock                              0x080001b5   Thumb Code     0  entry7b.o(.ARM.Collect$$$$00000008)
    _main_cpp_init                           0x080001b5   Thumb Code     0  entry8b.o(.ARM.Collect$$$$0000000A)
    _main_init                               0x080001b5   Thumb Code     0  entry9a.o(.ARM.Collect$$$$0000000B)
    __rt_final_cpp                           0x080001bd   Thumb Code     0  entry10a.o(.ARM.Collect$$$$0000000D)
    __rt_final_exit                          0x080001bd   Thumb Code     0  entry11a.o(.ARM.Collect$$$$0000000F)
    SVC_Handler                              0x080001c1   Thumb Code    28  port.o(.emb_text)
    __asm___6_port_c_39a90d8d__prvStartFirstTask 0x080001e1   Thumb Code    36  port.o(.emb_text)
    __asm___6_port_c_39a90d8d__prvEnableVFP  0x08000209   Thumb Code    16  port.o(.emb_text)
    PendSV_Handler                           0x0800021d   Thumb Code    88  port.o(.emb_text)
    vPortGetIPSR                             0x08000279   Thumb Code     6  port.o(.emb_text)
    Reset_Handler                            0x08000281   Thumb Code     8  startup_stm32f427_437xx.o(.text)
    ADC_IRQHandler                           0x0800029b   Thumb Code     0  startup_stm32f427_437xx.o(.text)
    CAN1_RX1_IRQHandler                      0x0800029b   Thumb Code     0  startup_stm32f427_437xx.o(.text)
    CAN1_SCE_IRQHandler                      0x0800029b   Thumb Code     0  startup_stm32f427_437xx.o(.text)
    CAN1_TX_IRQHandler                       0x0800029b   Thumb Code     0  startup_stm32f427_437xx.o(.text)
    CAN2_RX1_IRQHandler                      0x0800029b   Thumb Code     0  startup_stm32f427_437xx.o(.text)
    CAN2_SCE_IRQHandler                      0x0800029b   Thumb Code     0  startup_stm32f427_437xx.o(.text)
    CRYP_IRQHandler                          0x0800029b   Thumb Code     0  startup_stm32f427_437xx.o(.text)
    DCMI_IRQHandler                          0x0800029b   Thumb Code     0  startup_stm32f427_437xx.o(.text)
    DMA1_Stream0_IRQHandler                  0x0800029b   Thumb Code     0  startup_stm32f427_437xx.o(.text)
    DMA1_Stream1_IRQHandler                  0x0800029b   Thumb Code     0  startup_stm32f427_437xx.o(.text)
    DMA1_Stream2_IRQHandler                  0x0800029b   Thumb Code     0  startup_stm32f427_437xx.o(.text)
    DMA1_Stream3_IRQHandler                  0x0800029b   Thumb Code     0  startup_stm32f427_437xx.o(.text)
    DMA1_Stream4_IRQHandler                  0x0800029b   Thumb Code     0  startup_stm32f427_437xx.o(.text)
    DMA1_Stream5_IRQHandler                  0x0800029b   Thumb Code     0  startup_stm32f427_437xx.o(.text)
    DMA1_Stream6_IRQHandler                  0x0800029b   Thumb Code     0  startup_stm32f427_437xx.o(.text)
    DMA1_Stream7_IRQHandler                  0x0800029b   Thumb Code     0  startup_stm32f427_437xx.o(.text)
    DMA2D_IRQHandler                         0x0800029b   Thumb Code     0  startup_stm32f427_437xx.o(.text)
    DMA2_Stream0_IRQHandler                  0x0800029b   Thumb Code     0  startup_stm32f427_437xx.o(.text)
    DMA2_Stream1_IRQHandler                  0x0800029b   Thumb Code     0  startup_stm32f427_437xx.o(.text)
    DMA2_Stream2_IRQHandler                  0x0800029b   Thumb Code     0  startup_stm32f427_437xx.o(.text)
    DMA2_Stream3_IRQHandler                  0x0800029b   Thumb Code     0  startup_stm32f427_437xx.o(.text)
    DMA2_Stream4_IRQHandler                  0x0800029b   Thumb Code     0  startup_stm32f427_437xx.o(.text)
    DMA2_Stream5_IRQHandler                  0x0800029b   Thumb Code     0  startup_stm32f427_437xx.o(.text)
    DMA2_Stream6_IRQHandler                  0x0800029b   Thumb Code     0  startup_stm32f427_437xx.o(.text)
    DMA2_Stream7_IRQHandler                  0x0800029b   Thumb Code     0  startup_stm32f427_437xx.o(.text)
    ETH_IRQHandler                           0x0800029b   Thumb Code     0  startup_stm32f427_437xx.o(.text)
    ETH_WKUP_IRQHandler                      0x0800029b   Thumb Code     0  startup_stm32f427_437xx.o(.text)
    EXTI0_IRQHandler                         0x0800029b   Thumb Code     0  startup_stm32f427_437xx.o(.text)
    EXTI15_10_IRQHandler                     0x0800029b   Thumb Code     0  startup_stm32f427_437xx.o(.text)
    EXTI1_IRQHandler                         0x0800029b   Thumb Code     0  startup_stm32f427_437xx.o(.text)
    EXTI2_IRQHandler                         0x0800029b   Thumb Code     0  startup_stm32f427_437xx.o(.text)
    EXTI3_IRQHandler                         0x0800029b   Thumb Code     0  startup_stm32f427_437xx.o(.text)
    EXTI4_IRQHandler                         0x0800029b   Thumb Code     0  startup_stm32f427_437xx.o(.text)
    EXTI9_5_IRQHandler                       0x0800029b   Thumb Code     0  startup_stm32f427_437xx.o(.text)
    FLASH_IRQHandler                         0x0800029b   Thumb Code     0  startup_stm32f427_437xx.o(.text)
    FMC_IRQHandler                           0x0800029b   Thumb Code     0  startup_stm32f427_437xx.o(.text)
    FPU_IRQHandler                           0x0800029b   Thumb Code     0  startup_stm32f427_437xx.o(.text)
    HASH_RNG_IRQHandler                      0x0800029b   Thumb Code     0  startup_stm32f427_437xx.o(.text)
    I2C1_ER_IRQHandler                       0x0800029b   Thumb Code     0  startup_stm32f427_437xx.o(.text)
    I2C1_EV_IRQHandler                       0x0800029b   Thumb Code     0  startup_stm32f427_437xx.o(.text)
    I2C2_ER_IRQHandler                       0x0800029b   Thumb Code     0  startup_stm32f427_437xx.o(.text)
    I2C2_EV_IRQHandler                       0x0800029b   Thumb Code     0  startup_stm32f427_437xx.o(.text)
    I2C3_ER_IRQHandler                       0x0800029b   Thumb Code     0  startup_stm32f427_437xx.o(.text)
    I2C3_EV_IRQHandler                       0x0800029b   Thumb Code     0  startup_stm32f427_437xx.o(.text)
    OTG_FS_IRQHandler                        0x0800029b   Thumb Code     0  startup_stm32f427_437xx.o(.text)
    OTG_FS_WKUP_IRQHandler                   0x0800029b   Thumb Code     0  startup_stm32f427_437xx.o(.text)
    OTG_HS_EP1_IN_IRQHandler                 0x0800029b   Thumb Code     0  startup_stm32f427_437xx.o(.text)
    OTG_HS_EP1_OUT_IRQHandler                0x0800029b   Thumb Code     0  startup_stm32f427_437xx.o(.text)
    OTG_HS_IRQHandler                        0x0800029b   Thumb Code     0  startup_stm32f427_437xx.o(.text)
    OTG_HS_WKUP_IRQHandler                   0x0800029b   Thumb Code     0  startup_stm32f427_437xx.o(.text)
    PVD_IRQHandler                           0x0800029b   Thumb Code     0  startup_stm32f427_437xx.o(.text)
    RCC_IRQHandler                           0x0800029b   Thumb Code     0  startup_stm32f427_437xx.o(.text)
    RTC_Alarm_IRQHandler                     0x0800029b   Thumb Code     0  startup_stm32f427_437xx.o(.text)
    RTC_WKUP_IRQHandler                      0x0800029b   Thumb Code     0  startup_stm32f427_437xx.o(.text)
    SAI1_IRQHandler                          0x0800029b   Thumb Code     0  startup_stm32f427_437xx.o(.text)
    SDIO_IRQHandler                          0x0800029b   Thumb Code     0  startup_stm32f427_437xx.o(.text)
    SPI1_IRQHandler                          0x0800029b   Thumb Code     0  startup_stm32f427_437xx.o(.text)
    SPI2_IRQHandler                          0x0800029b   Thumb Code     0  startup_stm32f427_437xx.o(.text)
    SPI3_IRQHandler                          0x0800029b   Thumb Code     0  startup_stm32f427_437xx.o(.text)
    SPI4_IRQHandler                          0x0800029b   Thumb Code     0  startup_stm32f427_437xx.o(.text)
    SPI5_IRQHandler                          0x0800029b   Thumb Code     0  startup_stm32f427_437xx.o(.text)
    SPI6_IRQHandler                          0x0800029b   Thumb Code     0  startup_stm32f427_437xx.o(.text)
    TAMP_STAMP_IRQHandler                    0x0800029b   Thumb Code     0  startup_stm32f427_437xx.o(.text)
    TIM1_BRK_TIM9_IRQHandler                 0x0800029b   Thumb Code     0  startup_stm32f427_437xx.o(.text)
    TIM1_CC_IRQHandler                       0x0800029b   Thumb Code     0  startup_stm32f427_437xx.o(.text)
    TIM1_TRG_COM_TIM11_IRQHandler            0x0800029b   Thumb Code     0  startup_stm32f427_437xx.o(.text)
    TIM1_UP_TIM10_IRQHandler                 0x0800029b   Thumb Code     0  startup_stm32f427_437xx.o(.text)
    TIM2_IRQHandler                          0x0800029b   Thumb Code     0  startup_stm32f427_437xx.o(.text)
    TIM3_IRQHandler                          0x0800029b   Thumb Code     0  startup_stm32f427_437xx.o(.text)
    TIM4_IRQHandler                          0x0800029b   Thumb Code     0  startup_stm32f427_437xx.o(.text)
    TIM5_IRQHandler                          0x0800029b   Thumb Code     0  startup_stm32f427_437xx.o(.text)
    TIM6_DAC_IRQHandler                      0x0800029b   Thumb Code     0  startup_stm32f427_437xx.o(.text)
    TIM7_IRQHandler                          0x0800029b   Thumb Code     0  startup_stm32f427_437xx.o(.text)
    TIM8_BRK_TIM12_IRQHandler                0x0800029b   Thumb Code     0  startup_stm32f427_437xx.o(.text)
    TIM8_CC_IRQHandler                       0x0800029b   Thumb Code     0  startup_stm32f427_437xx.o(.text)
    TIM8_TRG_COM_TIM14_IRQHandler            0x0800029b   Thumb Code     0  startup_stm32f427_437xx.o(.text)
    TIM8_UP_TIM13_IRQHandler                 0x0800029b   Thumb Code     0  startup_stm32f427_437xx.o(.text)
    UART4_IRQHandler                         0x0800029b   Thumb Code     0  startup_stm32f427_437xx.o(.text)
    UART5_IRQHandler                         0x0800029b   Thumb Code     0  startup_stm32f427_437xx.o(.text)
    UART7_IRQHandler                         0x0800029b   Thumb Code     0  startup_stm32f427_437xx.o(.text)
    USART2_IRQHandler                        0x0800029b   Thumb Code     0  startup_stm32f427_437xx.o(.text)
    USART3_IRQHandler                        0x0800029b   Thumb Code     0  startup_stm32f427_437xx.o(.text)
    USART6_IRQHandler                        0x0800029b   Thumb Code     0  startup_stm32f427_437xx.o(.text)
    WWDG_IRQHandler                          0x0800029b   Thumb Code     0  startup_stm32f427_437xx.o(.text)
    __aeabi_memcpy                           0x080002a5   Thumb Code    36  memcpya.o(.text)
    __aeabi_memcpy4                          0x080002a5   Thumb Code     0  memcpya.o(.text)
    __aeabi_memcpy8                          0x080002a5   Thumb Code     0  memcpya.o(.text)
    __aeabi_memset                           0x080002c9   Thumb Code    14  memseta.o(.text)
    __aeabi_memset4                          0x080002c9   Thumb Code     0  memseta.o(.text)
    __aeabi_memset8                          0x080002c9   Thumb Code     0  memseta.o(.text)
    __aeabi_memclr                           0x080002d7   Thumb Code     4  memseta.o(.text)
    __aeabi_memclr4                          0x080002d7   Thumb Code     0  memseta.o(.text)
    __aeabi_memclr8                          0x080002d7   Thumb Code     0  memseta.o(.text)
    memset                                   0x080002db   Thumb Code    18  memseta.o(.text)
    __aeabi_dadd                             0x080002ed   Thumb Code   322  dadd.o(.text)
    __aeabi_dsub                             0x0800042f   Thumb Code     6  dadd.o(.text)
    __aeabi_drsub                            0x08000435   Thumb Code     6  dadd.o(.text)
    __aeabi_dmul                             0x0800043b   Thumb Code   228  dmul.o(.text)
    __aeabi_ddiv                             0x0800051f   Thumb Code   222  ddiv.o(.text)
    __aeabi_i2d                              0x080005fd   Thumb Code    34  dflti.o(.text)
    __aeabi_f2d                              0x0800061f   Thumb Code    38  f2d.o(.text)
    __aeabi_d2f                              0x08000645   Thumb Code    56  d2f.o(.text)
    __aeabi_llsl                             0x0800067d   Thumb Code    30  llshl.o(.text)
    _ll_shift_l                              0x0800067d   Thumb Code     0  llshl.o(.text)
    __aeabi_lasr                             0x0800069b   Thumb Code    36  llsshr.o(.text)
    _ll_sshift_r                             0x0800069b   Thumb Code     0  llsshr.o(.text)
    __I$use$fp                               0x080006bf   Thumb Code     0  iusefp.o(.text)
    _float_round                             0x080006bf   Thumb Code    18  fepilogue.o(.text)
    _float_epilogue                          0x080006d1   Thumb Code    92  fepilogue.o(.text)
    _double_round                            0x0800072d   Thumb Code    30  depilogue.o(.text)
    _double_epilogue                         0x0800074b   Thumb Code   156  depilogue.o(.text)
    __scatterload                            0x080007e9   Thumb Code    28  init.o(.text)
    __scatterload_rt2                        0x080007e9   Thumb Code     0  init.o(.text)
    __aeabi_llsr                             0x0800080d   Thumb Code    32  llushr.o(.text)
    _ll_ushift_r                             0x0800080d   Thumb Code     0  llushr.o(.text)
    __aeabi_ui2d                             0x0800082d   Thumb Code    26  dfltui.o(.text)
    __aeabi_d2iz                             0x08000847   Thumb Code    62  dfixi.o(.text)
    BusFault_Handler                         0x08000885   Thumb Code     4  stm32f4xx_it.o(i.BusFault_Handler)
    CAN1_RX0_IRQHandler                      0x08000889   Thumb Code   136  can.o(i.CAN1_RX0_IRQHandler)
    CAN2_RX0_IRQHandler                      0x08000929   Thumb Code    78  can.o(i.CAN2_RX0_IRQHandler)
    CAN2_TX_IRQHandler                       0x08000989   Thumb Code    22  can.o(i.CAN2_TX_IRQHandler)
    CAN_ClearFlag                            0x080009a5   Thumb Code    52  stm32f4xx_can.o(i.CAN_ClearFlag)
    CAN_ClearITPendingBit                    0x080009dd   Thumb Code   162  stm32f4xx_can.o(i.CAN_ClearITPendingBit)
    CAN_FilterInit                           0x08000a85   Thumb Code   258  stm32f4xx_can.o(i.CAN_FilterInit)
    CAN_GetITStatus                          0x08000b8d   Thumb Code   284  stm32f4xx_can.o(i.CAN_GetITStatus)
    CAN_ITConfig                             0x08000cad   Thumb Code    18  stm32f4xx_can.o(i.CAN_ITConfig)
    CAN_Init                                 0x08000cbf   Thumb Code   276  stm32f4xx_can.o(i.CAN_Init)
    CAN_Receive                              0x08000dd3   Thumb Code   240  stm32f4xx_can.o(i.CAN_Receive)
    CAN_Transmit                             0x08000ec3   Thumb Code   294  stm32f4xx_can.o(i.CAN_Transmit)
    DMA_Cmd                                  0x08000ffb   Thumb Code    22  stm32f4xx_dma.o(i.DMA_Cmd)
    DMA_DeInit                               0x08001011   Thumb Code   324  stm32f4xx_dma.o(i.DMA_DeInit)
    DMA_DoubleBufferModeCmd                  0x08001169   Thumb Code    22  stm32f4xx_dma.o(i.DMA_DoubleBufferModeCmd)
    DMA_DoubleBufferModeConfig               0x0800117f   Thumb Code    24  stm32f4xx_dma.o(i.DMA_DoubleBufferModeConfig)
    DMA_GetCmdStatus                         0x08001197   Thumb Code    20  stm32f4xx_dma.o(i.DMA_GetCmdStatus)
    DMA_GetCurrDataCounter                   0x080011ab   Thumb Code     8  stm32f4xx_dma.o(i.DMA_GetCurrDataCounter)
    DMA_GetCurrentMemoryTarget               0x080011b3   Thumb Code    20  stm32f4xx_dma.o(i.DMA_GetCurrentMemoryTarget)
    DMA_Init                                 0x080011c9   Thumb Code    82  stm32f4xx_dma.o(i.DMA_Init)
    DebugMon_Handler                         0x08001221   Thumb Code     2  stm32f4xx_it.o(i.DebugMon_Handler)
    GPIO_Init                                0x08001223   Thumb Code   144  stm32f4xx_gpio.o(i.GPIO_Init)
    GPIO_PinAFConfig                         0x080012b3   Thumb Code    70  stm32f4xx_gpio.o(i.GPIO_PinAFConfig)
    GPIO_SetBits                             0x080012f9   Thumb Code     4  stm32f4xx_gpio.o(i.GPIO_SetBits)
    HardFault_Handler                        0x080012fd   Thumb Code     4  stm32f4xx_it.o(i.HardFault_Handler)
    MemManage_Handler                        0x08001301   Thumb Code     4  stm32f4xx_it.o(i.MemManage_Handler)
    NMI_Handler                              0x08001305   Thumb Code     2  stm32f4xx_it.o(i.NMI_Handler)
    NVIC_Init                                0x08001309   Thumb Code   106  misc.o(i.NVIC_Init)
    NVIC_PriorityGroupConfig                 0x08001381   Thumb Code    10  misc.o(i.NVIC_PriorityGroupConfig)
    RCC_AHB1PeriphClockCmd                   0x08001395   Thumb Code    26  stm32f4xx_rcc.o(i.RCC_AHB1PeriphClockCmd)
    RCC_APB1PeriphClockCmd                   0x080013b5   Thumb Code    26  stm32f4xx_rcc.o(i.RCC_APB1PeriphClockCmd)
    RCC_APB1PeriphResetCmd                   0x080013d5   Thumb Code    26  stm32f4xx_rcc.o(i.RCC_APB1PeriphResetCmd)
    RCC_APB2PeriphClockCmd                   0x080013f5   Thumb Code    26  stm32f4xx_rcc.o(i.RCC_APB2PeriphClockCmd)
    RCC_GetClocksFreq                        0x08001415   Thumb Code   214  stm32f4xx_rcc.o(i.RCC_GetClocksFreq)
    SysTick_CLKSourceConfig                  0x0800161d   Thumb Code    40  misc.o(i.SysTick_CLKSourceConfig)
    SysTick_Handler                          0x08001645   Thumb Code    16  delay.o(i.SysTick_Handler)
    SystemInit                               0x08001655   Thumb Code    88  system_stm32f4xx.o(i.SystemInit)
    TIM_ARRPreloadConfig                     0x080016bd   Thumb Code    24  stm32f4xx_tim.o(i.TIM_ARRPreloadConfig)
    TIM_Cmd                                  0x080016d5   Thumb Code    24  stm32f4xx_tim.o(i.TIM_Cmd)
    TIM_CtrlPWMOutputs                       0x080016ed   Thumb Code    30  stm32f4xx_tim.o(i.TIM_CtrlPWMOutputs)
    TIM_OC1Init                              0x0800170d   Thumb Code   114  stm32f4xx_tim.o(i.TIM_OC1Init)
    TIM_OC1PreloadConfig                     0x08001789   Thumb Code    18  stm32f4xx_tim.o(i.TIM_OC1PreloadConfig)
    TIM_OC2Init                              0x0800179d   Thumb Code   154  stm32f4xx_tim.o(i.TIM_OC2Init)
    TIM_OC2PreloadConfig                     0x08001841   Thumb Code    26  stm32f4xx_tim.o(i.TIM_OC2PreloadConfig)
    TIM_OC3Init                              0x0800185d   Thumb Code   150  stm32f4xx_tim.o(i.TIM_OC3Init)
    TIM_OC3PreloadConfig                     0x080018fd   Thumb Code    18  stm32f4xx_tim.o(i.TIM_OC3PreloadConfig)
    TIM_OC4Init                              0x08001911   Thumb Code   112  stm32f4xx_tim.o(i.TIM_OC4Init)
    TIM_OC4PreloadConfig                     0x08001989   Thumb Code    26  stm32f4xx_tim.o(i.TIM_OC4PreloadConfig)
    TIM_SetCompare1                          0x080019a3   Thumb Code     4  stm32f4xx_tim.o(i.TIM_SetCompare1)
    TIM_SetCompare2                          0x080019a7   Thumb Code     4  stm32f4xx_tim.o(i.TIM_SetCompare2)
    TIM_SetCompare3                          0x080019ab   Thumb Code     4  stm32f4xx_tim.o(i.TIM_SetCompare3)
    TIM_SetCompare4                          0x080019af   Thumb Code     4  stm32f4xx_tim.o(i.TIM_SetCompare4)
    TIM_TimeBaseInit                         0x080019b5   Thumb Code   104  stm32f4xx_tim.o(i.TIM_TimeBaseInit)
    UART8_IRQHandler                         0x08001a39   Thumb Code   120  comm.o(i.UART8_IRQHandler)
    USART1_IRQHandler                        0x08001abd   Thumb Code   166  usart.o(i.USART1_IRQHandler)
    USART_Cmd                                0x08001b75   Thumb Code    24  stm32f4xx_usart.o(i.USART_Cmd)
    USART_DMACmd                             0x08001b8d   Thumb Code    18  stm32f4xx_usart.o(i.USART_DMACmd)
    USART_GetITStatus                        0x08001b9f   Thumb Code    84  stm32f4xx_usart.o(i.USART_GetITStatus)
    USART_ITConfig                           0x08001bf3   Thumb Code    74  stm32f4xx_usart.o(i.USART_ITConfig)
    USART_Init                               0x08001c3d   Thumb Code   204  stm32f4xx_usart.o(i.USART_Init)
    USART_ReceiveData                        0x08001d11   Thumb Code    10  stm32f4xx_usart.o(i.USART_ReceiveData)
    UsageFault_Handler                       0x08001d1b   Thumb Code     4  stm32f4xx_it.o(i.UsageFault_Handler)
    __ARM_fpclassify                         0x08001d1f   Thumb Code    48  fpclassify.o(i.__ARM_fpclassify)
    __hardfp_cos                             0x08001d51   Thumb Code   180  cos.o(i.__hardfp_cos)
    __hardfp_sin                             0x08001e19   Thumb Code   180  sin.o(i.__hardfp_sin)
    __ieee754_rem_pio2                       0x08001ee1   Thumb Code   938  rred.o(i.__ieee754_rem_pio2)
    __kernel_cos                             0x08002319   Thumb Code   322  cos_i.o(i.__kernel_cos)
    __kernel_poly                            0x08002489   Thumb Code   248  poly.o(i.__kernel_poly)
    __kernel_sin                             0x08002581   Thumb Code   280  sin_i.o(i.__kernel_sin)
    __mathlib_dbl_infnan                     0x080026b1   Thumb Code    20  dunder.o(i.__mathlib_dbl_infnan)
    __mathlib_dbl_invalid                    0x080026c9   Thumb Code    24  dunder.o(i.__mathlib_dbl_invalid)
    __mathlib_dbl_underflow                  0x080026e9   Thumb Code    24  dunder.o(i.__mathlib_dbl_underflow)
    __scatterload_copy                       0x08002709   Thumb Code    14  handlers.o(i.__scatterload_copy)
    __scatterload_null                       0x08002717   Thumb Code     2  handlers.o(i.__scatterload_null)
    __scatterload_zeroinit                   0x08002719   Thumb Code    14  handlers.o(i.__scatterload_zeroinit)
    __set_errno                              0x08002729   Thumb Code     6  errno.o(i.__set_errno)
    bmi088_yaw_infomation_process            0x08002735   Thumb Code    66  can.o(i.bmi088_yaw_infomation_process)
    bmi088_z_infomation_process              0x08002777   Thumb Code    66  can.o(i.bmi088_z_infomation_process)
    bsp_init                                 0x080027b9   Thumb Code    32  init.o(i.bsp_init)
    can1_init                                0x080027d9   Thumb Code   244  can.o(i.can1_init)
    can2_init                                0x080028d5   Thumb Code   300  can.o(i.can2_init)
    can_mes_send                             0x08002a09   Thumb Code    96  can.o(i.can_mes_send)
    chassis_dbus_control                     0x08002a69   Thumb Code   596  mecanum.o(i.chassis_dbus_control)
    chassis_speed_resolve                    0x08002cdd   Thumb Code   166  mecanum.o(i.chassis_speed_resolve)
    create_start_task                        0x08002d89   Thumb Code    24  start_task.o(i.create_start_task)
    dbus_control                             0x08002db5   Thumb Code   324  dbus.o(i.dbus_control)
    dbus_data_process                        0x08002f1d   Thumb Code   224  dbus.o(i.dbus_data_process)
    dbus_task                                0x08003001   Thumb Code   132  dbus_task.o(i.dbus_task)
    delay_init                               0x08003089   Thumb Code    58  delay.o(i.delay_init)
    delay_ms                                 0x080030cd   Thumb Code    60  delay.o(i.delay_ms)
    delay_us                                 0x0800310d   Thumb Code    68  delay.o(i.delay_us)
    fabs                                     0x08003155   Thumb Code    24  fabs.o(i.fabs)
    filter_init                              0x0800316d   Thumb Code    32  init.o(i.filter_init)
    first_order_filter_cali                  0x08003195   Thumb Code    84  filter.o(i.first_order_filter_cali)
    first_order_filter_init                  0x080031e9   Thumb Code    34  filter.o(i.first_order_filter_init)
    gimbal_init                              0x08003211   Thumb Code    40  pid_task.o(i.gimbal_init)
    gimbal_limit                             0x08003241   Thumb Code    44  pid_task.o(i.gimbal_limit)
    main                                     0x08003271   Thumb Code    56  main.o(i.main)
    mode_init                                0x080032ad   Thumb Code    30  init.o(i.mode_init)
    moto_infomation_process                  0x080032d9   Thumb Code   202  can.o(i.moto_infomation_process)
    pid_abs_limit                            0x080033b5   Thumb Code    46  pid.o(i.pid_abs_limit)
    pid_caculate_delta                       0x080033e3   Thumb Code   210  pid.o(i.pid_caculate_delta)
    pid_caculate_position                    0x080034b5   Thumb Code   178  pid.o(i.pid_caculate_position)
    pid_chassis_caculate_task                0x08003569   Thumb Code   216  pid_task.o(i.pid_chassis_caculate_task)
    pid_chassis_init                         0x08003659   Thumb Code    82  init.o(i.pid_chassis_init)
    pid_gimbal_caculate_task                 0x080036d1   Thumb Code   772  pid_task.o(i.pid_gimbal_caculate_task)
    pid_gimbal_pitch_free_init               0x08003a21   Thumb Code    56  init.o(i.pid_gimbal_pitch_free_init)
    pid_gimbal_yaw_change_init               0x08003a79   Thumb Code   120  pid_task.o(i.pid_gimbal_yaw_change_init)
    pid_gimbal_yaw_free_init                 0x08003b01   Thumb Code    56  init.o(i.pid_gimbal_yaw_free_init)
    pid_gimbal_yaw_gyro_init                 0x08003b59   Thumb Code    56  init.o(i.pid_gimbal_yaw_gyro_init)
    pid_init                                 0x08003bb5   Thumb Code   110  pid.o(i.pid_init)
    pid_parameter_init                       0x08003c29   Thumb Code    20  init.o(i.pid_parameter_init)
    pid_revolver_init                        0x08003c3d   Thumb Code    56  init.o(i.pid_revolver_init)
    power_init                               0x08003c91   Thumb Code    76  can.o(i.power_init)
    pvPortMalloc                             0x080046a9   Thumb Code   296  heap_4.o(i.pvPortMalloc)
    pxPortInitialiseStack                    0x080047e5   Thumb Code    38  port.o(i.pxPortInitialiseStack)
    set_servo_pwm                            0x08004811   Thumb Code    14  tim.o(i.set_servo_pwm)
    shoot_init                               0x08004825   Thumb Code    52  shoot_task.o(i.shoot_init)
    shoot_task                               0x0800485d   Thumb Code   100  shoot_task.o(i.shoot_task)
    start_task                               0x080048c9   Thumb Code   106  start_task.o(i.start_task)
    tim5_init                                0x080049a9   Thumb Code   182  tim.o(i.tim5_init)
    tim8_init                                0x08004a69   Thumb Code   258  tim.o(i.tim8_init)
    usart1_init                              0x08004b75   Thumb Code   294  usart.o(i.usart1_init)
    uxListRemove                             0x08004cb1   Thumb Code    40  list.o(i.uxListRemove)
    vListInitialise                          0x08004cd9   Thumb Code    26  list.o(i.vListInitialise)
    vListInitialiseItem                      0x08004cf3   Thumb Code     6  list.o(i.vListInitialiseItem)
    vListInsert                              0x08004cf9   Thumb Code    52  list.o(i.vListInsert)
    vListInsertEnd                           0x08004d2d   Thumb Code    24  list.o(i.vListInsertEnd)
    vPortEnterCritical                       0x08004d45   Thumb Code    76  port.o(i.vPortEnterCritical)
    vPortExitCritical                        0x08004d99   Thumb Code    56  port.o(i.vPortExitCritical)
    vPortFree                                0x08004dd5   Thumb Code   140  heap_4.o(i.vPortFree)
    vPortSetupTimerInterrupt                 0x08004e69   Thumb Code    36  port.o(i.vPortSetupTimerInterrupt)
    vPortValidateInterruptPriority           0x08004e91   Thumb Code   106  port.o(i.vPortValidateInterruptPriority)
    vQueueAddToRegistry                      0x08004f09   Thumb Code    38  queue.o(i.vQueueAddToRegistry)
    vQueueWaitForMessageRestricted           0x08004f35   Thumb Code    74  queue.o(i.vQueueWaitForMessageRestricted)
    vTaskDelay                               0x08004f81   Thumb Code    82  tasks.o(i.vTaskDelay)
    vTaskDelayUntil                          0x08004fdd   Thumb Code   200  tasks.o(i.vTaskDelayUntil)
    vTaskDelete                              0x080050b1   Thumb Code   202  tasks.o(i.vTaskDelete)
    vTaskInternalSetTimeOutState             0x080051a5   Thumb Code    14  tasks.o(i.vTaskInternalSetTimeOutState)
    vTaskMissedYield                         0x080051bd   Thumb Code     8  tasks.o(i.vTaskMissedYield)
    vTaskPlaceOnEventList                    0x080051c9   Thumb Code    52  tasks.o(i.vTaskPlaceOnEventList)
    vTaskPlaceOnEventListRestricted          0x08005201   Thumb Code    60  tasks.o(i.vTaskPlaceOnEventListRestricted)
    vTaskStartScheduler                      0x08005241   Thumb Code   118  tasks.o(i.vTaskStartScheduler)
    vTaskSuspendAll                          0x080052d5   Thumb Code    12  tasks.o(i.vTaskSuspendAll)
    vTaskSwitchContext                       0x080052e5   Thumb Code   118  tasks.o(i.vTaskSwitchContext)
    xPortStartScheduler                      0x08005371   Thumb Code   330  port.o(i.xPortStartScheduler)
    xPortSysTickHandler                      0x080054d9   Thumb Code    46  port.o(i.xPortSysTickHandler)
    xQueueGenericCreate                      0x0800550d   Thumb Code    90  queue.o(i.xQueueGenericCreate)
    xQueueGenericReset                       0x08005569   Thumb Code   146  queue.o(i.xQueueGenericReset)
    xQueueGenericSend                        0x08005601   Thumb Code   420  queue.o(i.xQueueGenericSend)
    xQueueGenericSendFromISR                 0x080057a9   Thumb Code   248  queue.o(i.xQueueGenericSendFromISR)
    xQueueReceive                            0x080058a1   Thumb Code   356  queue.o(i.xQueueReceive)
    xTaskCheckForTimeOut                     0x08005a09   Thumb Code   132  tasks.o(i.xTaskCheckForTimeOut)
    xTaskCreate                              0x08005a95   Thumb Code    96  tasks.o(i.xTaskCreate)
    xTaskGetSchedulerState                   0x08005af5   Thumb Code    24  tasks.o(i.xTaskGetSchedulerState)
    xTaskGetTickCount                        0x08005b15   Thumb Code     6  tasks.o(i.xTaskGetTickCount)
    xTaskIncrementTick                       0x08005b21   Thumb Code   282  tasks.o(i.xTaskIncrementTick)
    xTaskPriorityDisinherit                  0x08005c69   Thumb Code   188  tasks.o(i.xTaskPriorityDisinherit)
    xTaskRemoveFromEventList                 0x08005d31   Thumb Code   128  tasks.o(i.xTaskRemoveFromEventList)
    xTaskResumeAll                           0x08005dc9   Thumb Code   224  tasks.o(i.xTaskResumeAll)
    xTimerCreateTimerTask                    0x08005ecd   Thumb Code    66  timers.o(i.xTimerCreateTimerTask)
    xTimerGenericCommand                     0x08005f25   Thumb Code   126  timers.o(i.xTimerGenericCommand)
    Region$$Table$$Base                      0x080060c8   Number         0  anon$$obj.o(Region$$Table)
    Region$$Table$$Limit                     0x080060e8   Number         0  anon$$obj.o(Region$$Table)
    pxCurrentTCB                             0x20000000   Data           4  tasks.o(.data)
    SystemCoreClock                          0x20000084   Data           4  system_stm32f4xx.o(.data)
    AHBPrescTable                            0x20000088   Data          16  system_stm32f4xx.o(.data)
    Start_Task_Handler                       0x20000098   Data           4  start_task.o(.data)
    Pid_Chassis_Caculate_Task_Handler        0x2000009c   Data           4  start_task.o(.data)
    Pid_Gimbal_Caculate_Task_Handler         0x200000a0   Data           4  start_task.o(.data)
    Shoot_Task_Handler                       0x200000a4   Data           4  start_task.o(.data)
    Dbus_Task_Handler                        0x200000a8   Data           4  start_task.o(.data)
    Visual_Task_Handler                      0x200000ac   Data           4  start_task.o(.data)
    gimbal_angle_set                         0x200000b0   Data           8  pid_task.o(.data)
    gimbal_yaw_free_set                      0x200000b8   Data           4  pid_task.o(.data)
    gimbal_yaw_gyro_set                      0x200000bc   Data           4  pid_task.o(.data)
    gyro_off                                 0x200000c0   Data           1  pid_task.o(.data)
    free_off                                 0x200000c1   Data           1  pid_task.o(.data)
    visual_off                               0x200000c2   Data           1  pid_task.o(.data)
    default_yaw                              0x200000c8   Data           4  can.o(.data)
    uart8_len_cr                             0x200000cc   Data           1  comm.o(.data)
    send_data_length                         0x200000cd   Data           1  comm.o(.data)
    wExpected                                0x200000ce   Data           2  comm.o(.data)
    xQueueRegistry                           0x200000d8   Data          64  queue.o(.bss)
    RCC_Clocks                               0x20013024   Data          16  main.o(.bss)
    chassis_current_pid                      0x20013034   Data         272  pid_task.o(.bss)
    chassis_speed_pid                        0x20013144   Data         272  pid_task.o(.bss)
    gimbal_speed_pid                         0x20013254   Data         136  pid_task.o(.bss)
    gimbal_angle_pid                         0x200132dc   Data         136  pid_task.o(.bss)
    revolver_angle_pid                       0x20013364   Data          68  pid_task.o(.bss)
    revolver_speed_pid                       0x200133a8   Data          68  pid_task.o(.bss)
    chassis_set_filter                       0x200133ec   Data          64  pid_task.o(.bss)
    moto_chassis_info                        0x2001342c   Data         144  can.o(.bss)
    moto_gimbal_info                         0x200134bc   Data          72  can.o(.bss)
    moto_revolver_info                       0x20013504   Data          36  can.o(.bss)
    bmi088_infomation                        0x20013528   Data          24  can.o(.bss)
    RxMessage                                0x20013540   Data          20  can.o(.bss)
    comm_usart_rx_buf                        0x20013554   Data         128  comm.o(.bss)
    comm_usart_tx_buf                        0x200135d4   Data          30  comm.o(.bss)
    rm_info                                  0x200135f4   Data         652  comm.o(.bss)
    RC_CtrlData                              0x20013880   Data          23  dbus.o(.bss)
    dbus_infomation                          0x20013898   Data          36  dbus.o(.bss)
    USART1_RX_BUF                            0x200138bc   Data          72  usart.o(.bss)
    chassis_speed_resolution                 0x20013904   Data          44  mecanum.o(.bss)
    __initial_sp                             0x20013d30   Data           0  startup_stm32f427_437xx.o(STACK)



==============================================================================

Memory Map of the image

  Image Entry point : 0x080001ad

  Load Region LR_IROM1 (Base: 0x08000000, Size: 0x000061c0, Max: 0x00200000, ABSOLUTE)

    Execution Region ER_IROM1 (Exec base: 0x08000000, Load base: 0x08000000, Size: 0x000060e8, Max: 0x00200000, ABSOLUTE)

    Exec Addr    Load Addr    Size         Type   Attr      Idx    E Section Name        Object

    0x08000000   0x08000000   0x000001ac   Data   RO            3    RESET               startup_stm32f427_437xx.o
    0x080001ac   0x080001ac   0x00000000   Code   RO         7706  * .ARM.Collect$$$$00000000  mc_w.l(entry.o)
    0x080001ac   0x080001ac   0x00000004   Code   RO         7785    .ARM.Collect$$$$00000001  mc_w.l(entry2.o)
    0x080001b0   0x080001b0   0x00000004   Code   RO         7788    .ARM.Collect$$$$00000004  mc_w.l(entry5.o)
    0x080001b4   0x080001b4   0x00000000   Code   RO         7790    .ARM.Collect$$$$00000008  mc_w.l(entry7b.o)
    0x080001b4   0x080001b4   0x00000000   Code   RO         7792    .ARM.Collect$$$$0000000A  mc_w.l(entry8b.o)
    0x080001b4   0x080001b4   0x00000008   Code   RO         7793    .ARM.Collect$$$$0000000B  mc_w.l(entry9a.o)
    0x080001bc   0x080001bc   0x00000000   Code   RO         7795    .ARM.Collect$$$$0000000D  mc_w.l(entry10a.o)
    0x080001bc   0x080001bc   0x00000000   Code   RO         7797    .ARM.Collect$$$$0000000F  mc_w.l(entry11a.o)
    0x080001bc   0x080001bc   0x00000004   Code   RO         7786    .ARM.Collect$$$$00002712  mc_w.l(entry2.o)
    0x080001c0   0x080001c0   0x000000be   Code   RO         1136    .emb_text           port.o
    0x0800027e   0x0800027e   0x00000002   PAD
    0x08000280   0x08000280   0x00000024   Code   RO            4    .text               startup_stm32f427_437xx.o
    0x080002a4   0x080002a4   0x00000024   Code   RO         7709    .text               mc_w.l(memcpya.o)
    0x080002c8   0x080002c8   0x00000024   Code   RO         7713    .text               mc_w.l(memseta.o)
    0x080002ec   0x080002ec   0x0000014e   Code   RO         7745    .text               mf_w.l(dadd.o)
    0x0800043a   0x0800043a   0x000000e4   Code   RO         7747    .text               mf_w.l(dmul.o)
    0x0800051e   0x0800051e   0x000000de   Code   RO         7749    .text               mf_w.l(ddiv.o)
    0x080005fc   0x080005fc   0x00000022   Code   RO         7751    .text               mf_w.l(dflti.o)
    0x0800061e   0x0800061e   0x00000026   Code   RO         7753    .text               mf_w.l(f2d.o)
    0x08000644   0x08000644   0x00000038   Code   RO         7755    .text               mf_w.l(d2f.o)
    0x0800067c   0x0800067c   0x0000001e   Code   RO         7799    .text               mc_w.l(llshl.o)
    0x0800069a   0x0800069a   0x00000024   Code   RO         7801    .text               mc_w.l(llsshr.o)
    0x080006be   0x080006be   0x00000000   Code   RO         7812    .text               mc_w.l(iusefp.o)
    0x080006be   0x080006be   0x0000006e   Code   RO         7813    .text               mf_w.l(fepilogue.o)
    0x0800072c   0x0800072c   0x000000ba   Code   RO         7815    .text               mf_w.l(depilogue.o)
    0x080007e6   0x080007e6   0x00000002   PAD
    0x080007e8   0x080007e8   0x00000024   Code   RO         7829    .text               mc_w.l(init.o)
    0x0800080c   0x0800080c   0x00000020   Code   RO         7831    .text               mc_w.l(llushr.o)
    0x0800082c   0x0800082c   0x0000001a   Code   RO         7833    .text               mf_w.l(dfltui.o)
    0x08000846   0x08000846   0x0000003e   Code   RO         7835    .text               mf_w.l(dfixi.o)
    0x08000884   0x08000884   0x00000004   Code   RO         6469    i.BusFault_Handler  stm32f4xx_it.o
    0x08000888   0x08000888   0x000000a0   Code   RO         6913    i.CAN1_RX0_IRQHandler  can.o
    0x08000928   0x08000928   0x00000060   Code   RO         6914    i.CAN2_RX0_IRQHandler  can.o
    0x08000988   0x08000988   0x0000001c   Code   RO         6915    i.CAN2_TX_IRQHandler  can.o
    0x080009a4   0x080009a4   0x00000038   Code   RO         1618    i.CAN_ClearFlag     stm32f4xx_can.o
    0x080009dc   0x080009dc   0x000000a8   Code   RO         1619    i.CAN_ClearITPendingBit  stm32f4xx_can.o
    0x08000a84   0x08000a84   0x00000108   Code   RO         1623    i.CAN_FilterInit    stm32f4xx_can.o
    0x08000b8c   0x08000b8c   0x00000120   Code   RO         1625    i.CAN_GetITStatus   stm32f4xx_can.o
    0x08000cac   0x08000cac   0x00000012   Code   RO         1629    i.CAN_ITConfig      stm32f4xx_can.o
    0x08000cbe   0x08000cbe   0x00000114   Code   RO         1630    i.CAN_Init          stm32f4xx_can.o
    0x08000dd2   0x08000dd2   0x000000f0   Code   RO         1633    i.CAN_Receive       stm32f4xx_can.o
    0x08000ec2   0x08000ec2   0x00000126   Code   RO         1638    i.CAN_Transmit      stm32f4xx_can.o
    0x08000fe8   0x08000fe8   0x00000012   Code   RO         1641    i.CheckITStatus     stm32f4xx_can.o
    0x08000ffa   0x08000ffa   0x00000016   Code   RO         2398    i.DMA_Cmd           stm32f4xx_dma.o
    0x08001010   0x08001010   0x00000158   Code   RO         2399    i.DMA_DeInit        stm32f4xx_dma.o
    0x08001168   0x08001168   0x00000016   Code   RO         2400    i.DMA_DoubleBufferModeCmd  stm32f4xx_dma.o
    0x0800117e   0x0800117e   0x00000018   Code   RO         2401    i.DMA_DoubleBufferModeConfig  stm32f4xx_dma.o
    0x08001196   0x08001196   0x00000014   Code   RO         2403    i.DMA_GetCmdStatus  stm32f4xx_dma.o
    0x080011aa   0x080011aa   0x00000008   Code   RO         2404    i.DMA_GetCurrDataCounter  stm32f4xx_dma.o
    0x080011b2   0x080011b2   0x00000014   Code   RO         2405    i.DMA_GetCurrentMemoryTarget  stm32f4xx_dma.o
    0x080011c6   0x080011c6   0x00000002   PAD
    0x080011c8   0x080011c8   0x00000058   Code   RO         2410    i.DMA_Init          stm32f4xx_dma.o
    0x08001220   0x08001220   0x00000002   Code   RO         6470    i.DebugMon_Handler  stm32f4xx_it.o
    0x08001222   0x08001222   0x00000090   Code   RO         3243    i.GPIO_Init         stm32f4xx_gpio.o
    0x080012b2   0x080012b2   0x00000046   Code   RO         3244    i.GPIO_PinAFConfig  stm32f4xx_gpio.o
    0x080012f8   0x080012f8   0x00000004   Code   RO         3251    i.GPIO_SetBits      stm32f4xx_gpio.o
    0x080012fc   0x080012fc   0x00000004   Code   RO         6471    i.HardFault_Handler  stm32f4xx_it.o
    0x08001300   0x08001300   0x00000004   Code   RO         6472    i.MemManage_Handler  stm32f4xx_it.o
    0x08001304   0x08001304   0x00000002   Code   RO         6473    i.NMI_Handler       stm32f4xx_it.o
    0x08001306   0x08001306   0x00000002   PAD
    0x08001308   0x08001308   0x00000078   Code   RO         1216    i.NVIC_Init         misc.o
    0x08001380   0x08001380   0x00000014   Code   RO         1217    i.NVIC_PriorityGroupConfig  misc.o
    0x08001394   0x08001394   0x00000020   Code   RO         4181    i.RCC_AHB1PeriphClockCmd  stm32f4xx_rcc.o
    0x080013b4   0x080013b4   0x00000020   Code   RO         4190    i.RCC_APB1PeriphClockCmd  stm32f4xx_rcc.o
    0x080013d4   0x080013d4   0x00000020   Code   RO         4192    i.RCC_APB1PeriphResetCmd  stm32f4xx_rcc.o
    0x080013f4   0x080013f4   0x00000020   Code   RO         4193    i.RCC_APB2PeriphClockCmd  stm32f4xx_rcc.o
    0x08001414   0x08001414   0x000000e8   Code   RO         4202    i.RCC_GetClocksFreq  stm32f4xx_rcc.o
    0x080014fc   0x080014fc   0x00000120   Code   RO         6526    i.SetSysClock       system_stm32f4xx.o
    0x0800161c   0x0800161c   0x00000028   Code   RO         1220    i.SysTick_CLKSourceConfig  misc.o
    0x08001644   0x08001644   0x00000010   Code   RO         6841    i.SysTick_Handler   delay.o
    0x08001654   0x08001654   0x00000068   Code   RO         6528    i.SystemInit        system_stm32f4xx.o
    0x080016bc   0x080016bc   0x00000018   Code   RO         5568    i.TIM_ARRPreloadConfig  stm32f4xx_tim.o
    0x080016d4   0x080016d4   0x00000018   Code   RO         5580    i.TIM_Cmd           stm32f4xx_tim.o
    0x080016ec   0x080016ec   0x0000001e   Code   RO         5582    i.TIM_CtrlPWMOutputs  stm32f4xx_tim.o
    0x0800170a   0x0800170a   0x00000002   PAD
    0x0800170c   0x0800170c   0x0000007c   Code   RO         5609    i.TIM_OC1Init       stm32f4xx_tim.o
    0x08001788   0x08001788   0x00000012   Code   RO         5612    i.TIM_OC1PreloadConfig  stm32f4xx_tim.o
    0x0800179a   0x0800179a   0x00000002   PAD
    0x0800179c   0x0800179c   0x000000a4   Code   RO         5614    i.TIM_OC2Init       stm32f4xx_tim.o
    0x08001840   0x08001840   0x0000001a   Code   RO         5617    i.TIM_OC2PreloadConfig  stm32f4xx_tim.o
    0x0800185a   0x0800185a   0x00000002   PAD
    0x0800185c   0x0800185c   0x000000a0   Code   RO         5619    i.TIM_OC3Init       stm32f4xx_tim.o
    0x080018fc   0x080018fc   0x00000012   Code   RO         5622    i.TIM_OC3PreloadConfig  stm32f4xx_tim.o
    0x0800190e   0x0800190e   0x00000002   PAD
    0x08001910   0x08001910   0x00000078   Code   RO         5624    i.TIM_OC4Init       stm32f4xx_tim.o
    0x08001988   0x08001988   0x0000001a   Code   RO         5626    i.TIM_OC4PreloadConfig  stm32f4xx_tim.o
    0x080019a2   0x080019a2   0x00000004   Code   RO         5642    i.TIM_SetCompare1   stm32f4xx_tim.o
    0x080019a6   0x080019a6   0x00000004   Code   RO         5643    i.TIM_SetCompare2   stm32f4xx_tim.o
    0x080019aa   0x080019aa   0x00000004   Code   RO         5644    i.TIM_SetCompare3   stm32f4xx_tim.o
    0x080019ae   0x080019ae   0x00000004   Code   RO         5645    i.TIM_SetCompare4   stm32f4xx_tim.o
    0x080019b2   0x080019b2   0x00000002   PAD
    0x080019b4   0x080019b4   0x00000084   Code   RO         5652    i.TIM_TimeBaseInit  stm32f4xx_tim.o
    0x08001a38   0x08001a38   0x00000084   Code   RO         7008    i.UART8_IRQHandler  comm.o
    0x08001abc   0x08001abc   0x000000b8   Code   RO         7331    i.USART1_IRQHandler  usart.o
    0x08001b74   0x08001b74   0x00000018   Code   RO         6134    i.USART_Cmd         stm32f4xx_usart.o
    0x08001b8c   0x08001b8c   0x00000012   Code   RO         6135    i.USART_DMACmd      stm32f4xx_usart.o
    0x08001b9e   0x08001b9e   0x00000054   Code   RO         6138    i.USART_GetITStatus  stm32f4xx_usart.o
    0x08001bf2   0x08001bf2   0x0000004a   Code   RO         6140    i.USART_ITConfig    stm32f4xx_usart.o
    0x08001c3c   0x08001c3c   0x000000d4   Code   RO         6141    i.USART_Init        stm32f4xx_usart.o
    0x08001d10   0x08001d10   0x0000000a   Code   RO         6148    i.USART_ReceiveData  stm32f4xx_usart.o
    0x08001d1a   0x08001d1a   0x00000004   Code   RO         6474    i.UsageFault_Handler  stm32f4xx_it.o
    0x08001d1e   0x08001d1e   0x00000030   Code   RO         7825    i.__ARM_fpclassify  m_wm.l(fpclassify.o)
    0x08001d4e   0x08001d4e   0x00000002   PAD
    0x08001d50   0x08001d50   0x000000c8   Code   RO         7682    i.__hardfp_cos      m_wm.l(cos.o)
    0x08001e18   0x08001e18   0x000000c8   Code   RO         7694    i.__hardfp_sin      m_wm.l(sin.o)
    0x08001ee0   0x08001ee0   0x00000438   Code   RO         7774    i.__ieee754_rem_pio2  m_wm.l(rred.o)
    0x08002318   0x08002318   0x00000170   Code   RO         7757    i.__kernel_cos      m_wm.l(cos_i.o)
    0x08002488   0x08002488   0x000000f8   Code   RO         7827    i.__kernel_poly     m_wm.l(poly.o)
    0x08002580   0x08002580   0x00000130   Code   RO         7779    i.__kernel_sin      m_wm.l(sin_i.o)
    0x080026b0   0x080026b0   0x00000014   Code   RO         7761    i.__mathlib_dbl_infnan  m_wm.l(dunder.o)
    0x080026c4   0x080026c4   0x00000004   PAD
    0x080026c8   0x080026c8   0x00000020   Code   RO         7763    i.__mathlib_dbl_invalid  m_wm.l(dunder.o)
    0x080026e8   0x080026e8   0x00000020   Code   RO         7766    i.__mathlib_dbl_underflow  m_wm.l(dunder.o)
    0x08002708   0x08002708   0x0000000e   Code   RO         7839    i.__scatterload_copy  mc_w.l(handlers.o)
    0x08002716   0x08002716   0x00000002   Code   RO         7840    i.__scatterload_null  mc_w.l(handlers.o)
    0x08002718   0x08002718   0x0000000e   Code   RO         7841    i.__scatterload_zeroinit  mc_w.l(handlers.o)
    0x08002726   0x08002726   0x00000002   PAD
    0x08002728   0x08002728   0x0000000c   Code   RO         7807    i.__set_errno       mc_w.l(errno.o)
    0x08002734   0x08002734   0x00000042   Code   RO         6916    i.bmi088_yaw_infomation_process  can.o
    0x08002776   0x08002776   0x00000042   Code   RO         6917    i.bmi088_z_infomation_process  can.o
    0x080027b8   0x080027b8   0x00000020   Code   RO         6564    i.bsp_init          init.o
    0x080027d8   0x080027d8   0x000000fc   Code   RO         6918    i.can1_init         can.o
    0x080028d4   0x080028d4   0x00000134   Code   RO         6919    i.can2_init         can.o
    0x08002a08   0x08002a08   0x00000060   Code   RO         6920    i.can_mes_send      can.o
    0x08002a68   0x08002a68   0x00000274   Code   RO         7618    i.chassis_dbus_control  mecanum.o
    0x08002cdc   0x08002cdc   0x000000ac   Code   RO         7619    i.chassis_speed_resolve  mecanum.o
    0x08002d88   0x08002d88   0x0000002c   Code   RO         6645    i.create_start_task  start_task.o
    0x08002db4   0x08002db4   0x00000168   Code   RO         7295    i.dbus_control      dbus.o
    0x08002f1c   0x08002f1c   0x000000e4   Code   RO         7296    i.dbus_data_process  dbus.o
    0x08003000   0x08003000   0x00000088   Code   RO         6726    i.dbus_task         dbus_task.o
    0x08003088   0x08003088   0x00000044   Code   RO         6842    i.delay_init        delay.o
    0x080030cc   0x080030cc   0x00000040   Code   RO         6843    i.delay_ms          delay.o
    0x0800310c   0x0800310c   0x00000048   Code   RO         6844    i.delay_us          delay.o
    0x08003154   0x08003154   0x00000018   Code   RO         7821    i.fabs              m_wm.l(fabs.o)
    0x0800316c   0x0800316c   0x00000028   Code   RO         6565    i.filter_init       init.o
    0x08003194   0x08003194   0x00000054   Code   RO         7590    i.first_order_filter_cali  filter.o
    0x080031e8   0x080031e8   0x00000028   Code   RO         7591    i.first_order_filter_init  filter.o
    0x08003210   0x08003210   0x00000030   Code   RO         6750    i.gimbal_init       pid_task.o
    0x08003240   0x08003240   0x00000030   Code   RO         6751    i.gimbal_limit      pid_task.o
    0x08003270   0x08003270   0x0000003c   Code   RO         6388    i.main              main.o
    0x080032ac   0x080032ac   0x0000002c   Code   RO         6566    i.mode_init         init.o
    0x080032d8   0x080032d8   0x000000dc   Code   RO         6921    i.moto_infomation_process  can.o
    0x080033b4   0x080033b4   0x0000002e   Code   RO         7652    i.pid_abs_limit     pid.o
    0x080033e2   0x080033e2   0x000000d2   Code   RO         7653    i.pid_caculate_delta  pid.o
    0x080034b4   0x080034b4   0x000000b2   Code   RO         7654    i.pid_caculate_position  pid.o
    0x08003566   0x08003566   0x00000002   PAD
    0x08003568   0x08003568   0x000000f0   Code   RO         6752    i.pid_chassis_caculate_task  pid_task.o
    0x08003658   0x08003658   0x00000078   Code   RO         6568    i.pid_chassis_init  init.o
    0x080036d0   0x080036d0   0x00000350   Code   RO         6753    i.pid_gimbal_caculate_task  pid_task.o
    0x08003a20   0x08003a20   0x00000058   Code   RO         6569    i.pid_gimbal_pitch_free_init  init.o
    0x08003a78   0x08003a78   0x00000088   Code   RO         6754    i.pid_gimbal_yaw_change_init  pid_task.o
    0x08003b00   0x08003b00   0x00000058   Code   RO         6570    i.pid_gimbal_yaw_free_init  init.o
    0x08003b58   0x08003b58   0x0000005c   Code   RO         6571    i.pid_gimbal_yaw_gyro_init  init.o
    0x08003bb4   0x08003bb4   0x00000074   Code   RO         7655    i.pid_init          pid.o
    0x08003c28   0x08003c28   0x00000014   Code   RO         6572    i.pid_parameter_init  init.o
    0x08003c3c   0x08003c3c   0x00000054   Code   RO         6573    i.pid_revolver_init  init.o
    0x08003c90   0x08003c90   0x00000050   Code   RO         6922    i.power_init        can.o
    0x08003ce0   0x08003ce0   0x00000098   Code   RO          575    i.prvAddCurrentTaskToDelayedList  tasks.o
    0x08003d78   0x08003d78   0x000000b8   Code   RO          576    i.prvAddNewTaskToReadyList  tasks.o
    0x08003e30   0x08003e30   0x00000064   Code   RO          933    i.prvCheckForValidListAndQueue  timers.o
    0x08003e94   0x08003e94   0x00000048   Code   RO          577    i.prvCheckTasksWaitingTermination  tasks.o
    0x08003edc   0x08003edc   0x0000002a   Code   RO          198    i.prvCopyDataFromQueue  queue.o
    0x08003f06   0x08003f06   0x0000007e   Code   RO          199    i.prvCopyDataToQueue  queue.o
    0x08003f84   0x08003f84   0x00000012   Code   RO          578    i.prvDeleteTCB      tasks.o
    0x08003f96   0x08003f96   0x00000002   PAD
    0x08003f98   0x08003f98   0x00000028   Code   RO          934    i.prvGetNextExpireTime  timers.o
    0x08003fc0   0x08003fc0   0x0000007c   Code   RO         1087    i.prvHeapInit       heap_4.o
    0x0800403c   0x0800403c   0x00000028   Code   RO          579    i.prvIdleTask       tasks.o
    0x08004064   0x08004064   0x0000002a   Code   RO          202    i.prvInitialiseNewQueue  queue.o
    0x0800408e   0x0800408e   0x000000be   Code   RO          580    i.prvInitialiseNewTask  tasks.o
    0x0800414c   0x0800414c   0x00000068   Code   RO          581    i.prvInitialiseTaskLists  tasks.o
    0x080041b4   0x080041b4   0x00000068   Code   RO         1088    i.prvInsertBlockIntoFreeList  heap_4.o
    0x0800421c   0x0800421c   0x00000058   Code   RO          936    i.prvInsertTimerInActiveList  timers.o
    0x08004274   0x08004274   0x0000001a   Code   RO          203    i.prvIsQueueEmpty   queue.o
    0x0800428e   0x0800428e   0x0000001e   Code   RO          204    i.prvIsQueueFull    queue.o
    0x080042ac   0x080042ac   0x00000074   Code   RO          937    i.prvProcessExpiredTimer  timers.o
    0x08004320   0x08004320   0x00000138   Code   RO          938    i.prvProcessReceivedCommands  timers.o
    0x08004458   0x08004458   0x00000074   Code   RO          939    i.prvProcessTimerOrBlockTask  timers.o
    0x080044cc   0x080044cc   0x00000034   Code   RO          583    i.prvResetNextTaskUnblockTime  tasks.o
    0x08004500   0x08004500   0x0000002c   Code   RO          940    i.prvSampleTimeNow  timers.o
    0x0800452c   0x0800452c   0x000000a4   Code   RO          941    i.prvSwitchTimerLists  timers.o
    0x080045d0   0x080045d0   0x00000040   Code   RO         1137    i.prvTaskExitError  port.o
    0x08004610   0x08004610   0x0000001a   Code   RO          942    i.prvTimerTask      timers.o
    0x0800462a   0x0800462a   0x0000007e   Code   RO          205    i.prvUnlockQueue    queue.o
    0x080046a8   0x080046a8   0x0000013c   Code   RO         1089    i.pvPortMalloc      heap_4.o
    0x080047e4   0x080047e4   0x0000002c   Code   RO         1138    i.pxPortInitialiseStack  port.o
    0x08004810   0x08004810   0x00000014   Code   RO         7369    i.set_servo_pwm     tim.o
    0x08004824   0x08004824   0x00000038   Code   RO         6811    i.shoot_init        shoot_task.o
    0x0800485c   0x0800485c   0x0000006c   Code   RO         6812    i.shoot_task        shoot_task.o
    0x080048c8   0x080048c8   0x000000e0   Code   RO         6646    i.start_task        start_task.o
    0x080049a8   0x080049a8   0x000000c0   Code   RO         7370    i.tim5_init         tim.o
    0x08004a68   0x08004a68   0x0000010c   Code   RO         7371    i.tim8_init         tim.o
    0x08004b74   0x08004b74   0x0000013c   Code   RO         7332    i.usart1_init       usart.o
    0x08004cb0   0x08004cb0   0x00000028   Code   RO          158    i.uxListRemove      list.o
    0x08004cd8   0x08004cd8   0x0000001a   Code   RO          159    i.vListInitialise   list.o
    0x08004cf2   0x08004cf2   0x00000006   Code   RO          160    i.vListInitialiseItem  list.o
    0x08004cf8   0x08004cf8   0x00000034   Code   RO          161    i.vListInsert       list.o
    0x08004d2c   0x08004d2c   0x00000018   Code   RO          162    i.vListInsertEnd    list.o
    0x08004d44   0x08004d44   0x00000054   Code   RO         1140    i.vPortEnterCritical  port.o
    0x08004d98   0x08004d98   0x0000003c   Code   RO         1141    i.vPortExitCritical  port.o
    0x08004dd4   0x08004dd4   0x00000094   Code   RO         1090    i.vPortFree         heap_4.o
    0x08004e68   0x08004e68   0x00000028   Code   RO         1142    i.vPortSetupTimerInterrupt  port.o
    0x08004e90   0x08004e90   0x00000078   Code   RO         1143    i.vPortValidateInterruptPriority  port.o
    0x08004f08   0x08004f08   0x0000002c   Code   RO          211    i.vQueueAddToRegistry  queue.o
    0x08004f34   0x08004f34   0x0000004a   Code   RO          215    i.vQueueWaitForMessageRestricted  queue.o
    0x08004f7e   0x08004f7e   0x00000002   PAD
    0x08004f80   0x08004f80   0x0000005c   Code   RO          595    i.vTaskDelay        tasks.o
    0x08004fdc   0x08004fdc   0x000000d4   Code   RO          596    i.vTaskDelayUntil   tasks.o
    0x080050b0   0x080050b0   0x000000f4   Code   RO          597    i.vTaskDelete       tasks.o
    0x080051a4   0x080051a4   0x00000018   Code   RO          600    i.vTaskInternalSetTimeOutState  tasks.o
    0x080051bc   0x080051bc   0x0000000c   Code   RO          601    i.vTaskMissedYield  tasks.o
    0x080051c8   0x080051c8   0x00000038   Code   RO          603    i.vTaskPlaceOnEventList  tasks.o
    0x08005200   0x08005200   0x00000040   Code   RO          604    i.vTaskPlaceOnEventListRestricted  tasks.o
    0x08005240   0x08005240   0x00000094   Code   RO          612    i.vTaskStartScheduler  tasks.o
    0x080052d4   0x080052d4   0x00000010   Code   RO          614    i.vTaskSuspendAll   tasks.o
    0x080052e4   0x080052e4   0x0000008c   Code   RO          615    i.vTaskSwitchContext  tasks.o
    0x08005370   0x08005370   0x00000168   Code   RO         1144    i.xPortStartScheduler  port.o
    0x080054d8   0x080054d8   0x00000034   Code   RO         1145    i.xPortSysTickHandler  port.o
    0x0800550c   0x0800550c   0x0000005a   Code   RO          218    i.xQueueGenericCreate  queue.o
    0x08005566   0x08005566   0x00000002   PAD
    0x08005568   0x08005568   0x00000098   Code   RO          219    i.xQueueGenericReset  queue.o
    0x08005600   0x08005600   0x000001a8   Code   RO          220    i.xQueueGenericSend  queue.o
    0x080057a8   0x080057a8   0x000000f8   Code   RO          221    i.xQueueGenericSendFromISR  queue.o
    0x080058a0   0x080058a0   0x00000168   Code   RO          228    i.xQueueReceive     queue.o
    0x08005a08   0x08005a08   0x0000008c   Code   RO          616    i.xTaskCheckForTimeOut  tasks.o
    0x08005a94   0x08005a94   0x00000060   Code   RO          617    i.xTaskCreate       tasks.o
    0x08005af4   0x08005af4   0x00000020   Code   RO          621    i.xTaskGetSchedulerState  tasks.o
    0x08005b14   0x08005b14   0x0000000c   Code   RO          622    i.xTaskGetTickCount  tasks.o
    0x08005b20   0x08005b20   0x00000148   Code   RO          624    i.xTaskIncrementTick  tasks.o
    0x08005c68   0x08005c68   0x000000c8   Code   RO          627    i.xTaskPriorityDisinherit  tasks.o
    0x08005d30   0x08005d30   0x00000098   Code   RO          629    i.xTaskRemoveFromEventList  tasks.o
    0x08005dc8   0x08005dc8   0x00000104   Code   RO          630    i.xTaskResumeAll    tasks.o
    0x08005ecc   0x08005ecc   0x00000058   Code   RO          949    i.xTimerCreateTimerTask  timers.o
    0x08005f24   0x08005f24   0x00000084   Code   RO          950    i.xTimerGenericCommand  timers.o
    0x08005fa8   0x08005fa8   0x00000030   Data   RO         7758    .constdata          m_wm.l(cos_i.o)
    0x08005fd8   0x08005fd8   0x000000c8   Data   RO         7776    .constdata          m_wm.l(rred.o)
    0x080060a0   0x080060a0   0x00000028   Data   RO         7780    .constdata          m_wm.l(sin_i.o)
    0x080060c8   0x080060c8   0x00000020   Data   RO         7837    Region$$Table       anon$$obj.o


    Execution Region RW_IRAM1 (Exec base: 0x20000000, Load base: 0x080060e8, Size: 0x00013d30, Max: 0x00030000, ABSOLUTE)

    Exec Addr    Load Addr    Size         Type   Attr      Idx    E Section Name        Object

    0x20000000   0x080060e8   0x0000003c   Data   RW          633    .data               tasks.o
    0x2000003c   0x08006124   0x00000014   Data   RW          956    .data               timers.o
    0x20000050   0x08006138   0x00000018   Data   RW         1095    .data               heap_4.o
    0x20000068   0x08006150   0x0000000c   Data   RW         1146    .data               port.o
    0x20000074   0x0800615c   0x00000010   Data   RW         4234    .data               stm32f4xx_rcc.o
    0x20000084   0x0800616c   0x00000014   Data   RW         6529    .data               system_stm32f4xx.o
    0x20000098   0x08006180   0x00000018   Data   RW         6647    .data               start_task.o
    0x200000b0   0x08006198   0x00000013   Data   RW         6757    .data               pid_task.o
    0x200000c3   0x080061ab   0x00000001   PAD
    0x200000c4   0x080061ac   0x00000004   Data   RW         6846    .data               delay.o
    0x200000c8   0x080061b0   0x00000004   Data   RW         6925    .data               can.o
    0x200000cc   0x080061b4   0x00000004   Data   RW         7050    .data               comm.o
    0x200000d0   0x080061b8   0x00000004   Data   RW         7334    .data               usart.o
    0x200000d4   0x080061bc   0x00000004   Data   RW         7808    .data               mc_w.l(errno.o)
    0x200000d8        -       0x00000040   Zero   RW          232    .bss                queue.o
    0x20000118        -       0x000002e4   Zero   RW          632    .bss                tasks.o
    0x200003fc        -       0x00000028   Zero   RW          955    .bss                timers.o
    0x20000424        -       0x00012c00   Zero   RW         1094    .bss                heap_4.o
    0x20013024        -       0x00000010   Zero   RW         6389    .bss                main.o
    0x20013034        -       0x000003f8   Zero   RW         6756    .bss                pid_task.o
    0x2001342c        -       0x00000128   Zero   RW         6924    .bss                can.o
    0x20013554        -       0x0000032c   Zero   RW         7048    .bss                comm.o
    0x20013880        -       0x0000003c   Zero   RW         7297    .bss                dbus.o
    0x200138bc        -       0x00000048   Zero   RW         7333    .bss                usart.o
    0x20013904        -       0x0000002c   Zero   RW         7620    .bss                mecanum.o
    0x20013930        -       0x00000400   Zero   RW            1    STACK               startup_stm32f427_437xx.o


==============================================================================

Image component sizes


      Code (inc. data)   RO Data    RW Data    ZI Data      Debug   Object Name

      1372         94          0          4        296       8829   can.o
       132         12          0          4        812       9006   comm.o
         0          0          0          0          0      14796   croutine.o
       588         40          0          0         60       3849   dbus.o
       136          4          0          0          0        620   dbus_task.o
       220         18          0          4          0       2521   delay.o
         0          0          0          0          0       9612   event_groups.o
       124          6          0          0          0       1536   filter.o
       692         62          0         24      76800       4335   heap_4.o
       608        188          0          0          0       4508   init.o
       148          0          0          0          0       3162   list.o
        60          4          0          0         16       1628   main.o
       800         38          0          0         44       2124   mecanum.o
       180         24          0          0          0     315953   misc.o
       550          6          0          0          0       3036   pid.o
      1320        128          0         19       1016       4730   pid_task.o
      1014         92          0         12          0      11369   port.o
      1784         20          0          0         64      15558   queue.o
       164         12          0          0          0       1046   shoot_task.o
       268        138          0         24          0       1630   start_task.o
        36          8        428          0       1024        864   startup_stm32f427_437xx.o
      1622         20          0          0          0       6958   stm32f4xx_can.o
       548         26          0          0          0       6022   stm32f4xx_dma.o
       218          0          0          0          0       2278   stm32f4xx_gpio.o
        20          0          0          0          0       2861   stm32f4xx_it.o
       360         42          0         16          0       5184   stm32f4xx_rcc.o
       882         66          0          0          0      10353   stm32f4xx_tim.o
       422          8          0          0          0       4793   stm32f4xx_usart.o
       392         32          0         20          0       1873   system_stm32f4xx.o
      3040        402          0         60        740      25686   tasks.o
       480         26          0          0          0       1984   tim.o
      1226        116          0         20         40      22247   timers.o
       500         40          0          4         72       1970   usart.o

    ----------------------------------------------------------------------
     19930       1672        460        212      80984     512921   Object Totals
         0          0         32          0          0          0   (incl. Generated)
        24          0          0          1          0          0   (incl. Padding)

    ----------------------------------------------------------------------

      Code (inc. data)   RO Data    RW Data    ZI Data      Debug   Library Member Name

       200         20          0          0          0        164   cos.o
       368         46         48          0          0        200   cos_i.o
        84         16          0          0          0        372   dunder.o
        24          0          0          0          0        124   fabs.o
        48          0          0          0          0        124   fpclassify.o
       248          0          0          0          0        152   poly.o
      1080        142        200          0          0        188   rred.o
       200         20          0          0          0        164   sin.o
       304         24         40          0          0        208   sin_i.o
         0          0          0          0          0          0   entry.o
         0          0          0          0          0          0   entry10a.o
         0          0          0          0          0          0   entry11a.o
         8          4          0          0          0          0   entry2.o
         4          0          0          0          0          0   entry5.o
         0          0          0          0          0          0   entry7b.o
         0          0          0          0          0          0   entry8b.o
         8          4          0          0          0          0   entry9a.o
        12          6          0          4          0         68   errno.o
        30          0          0          0          0          0   handlers.o
        36          8          0          0          0         68   init.o
         0          0          0          0          0          0   iusefp.o
        30          0          0          0          0         68   llshl.o
        36          0          0          0          0         68   llsshr.o
        32          0          0          0          0         68   llushr.o
        36          0          0          0          0         68   memcpya.o
        36          0          0          0          0        108   memseta.o
        56          0          0          0          0         88   d2f.o
       334          0          0          0          0        148   dadd.o
       222          0          0          0          0        100   ddiv.o
       186          0          0          0          0        176   depilogue.o
        62          0          0          0          0         80   dfixi.o
        34          0          0          0          0         76   dflti.o
        26          0          0          0          0         76   dfltui.o
       228          0          0          0          0         96   dmul.o
        38          0          0          0          0         68   f2d.o
       110          0          0          0          0        168   fepilogue.o

    ----------------------------------------------------------------------
      4130        290        288          4          0       3288   Library Totals
        10          0          0          0          0          0   (incl. Padding)

    ----------------------------------------------------------------------

      Code (inc. data)   RO Data    RW Data    ZI Data      Debug   Library Name

      2556        268        288          0          0       1696   m_wm.l
       268         22          0          4          0        516   mc_w.l
      1296          0          0          0          0       1076   mf_w.l

    ----------------------------------------------------------------------
      4130        290        288          4          0       3288   Library Totals

    ----------------------------------------------------------------------

==============================================================================


      Code (inc. data)   RO Data    RW Data    ZI Data      Debug   

     24060       1962        748        216      80984     498285   Grand Totals
     24060       1962        748        216      80984     498285   ELF Image Totals
     24060       1962        748        216          0          0   ROM Totals

==============================================================================

    Total RO  Size (Code + RO Data)                24808 (  24.23kB)
    Total RW  Size (RW Data + ZI Data)             81200 (  79.30kB)
    Total ROM Size (Code + RO Data + RW Data)      25024 (  24.44kB)

==============================================================================

